Archive member included to satisfy reference by file (symbol)

C:\Users\andre\AppData\Local\Temp\VMBuilds\Weater-station\nano_33_iot\Debug/core.a(cortex_handlers.c.o)
                              (Reset_Handler)
C:\Users\andre\AppData\Local\Temp\VMBuilds\Weater-station\nano_33_iot\Debug/core.a(delay.c.o)
                              Weater-station.cpp.o (millis)
C:\Users\andre\AppData\Local\Temp\VMBuilds\Weater-station\nano_33_iot\Debug/core.a(hooks.c.o)
                              C:\Users\andre\AppData\Local\Temp\VMBuilds\Weater-station\nano_33_iot\Debug/core.a(delay.c.o) (yield)
C:\Users\andre\AppData\Local\Temp\VMBuilds\Weater-station\nano_33_iot\Debug/core.a(startup.c.o)
                              C:\Users\andre\AppData\Local\Temp\VMBuilds\Weater-station\nano_33_iot\Debug/core.a(cortex_handlers.c.o) (SystemInit)
C:\Users\andre\AppData\Local\Temp\VMBuilds\Weater-station\nano_33_iot\Debug/core.a(wiring.c.o)
                              C:\Users\andre\AppData\Local\Temp\VMBuilds\Weater-station\nano_33_iot\Debug/core.a(startup.c.o) (SystemCoreClock)
C:\Users\andre\AppData\Local\Temp\VMBuilds\Weater-station\nano_33_iot\Debug/core.a(wiring_analog.c.o)
                              C:\Users\andre\AppData\Local\Temp\VMBuilds\Weater-station\nano_33_iot\Debug/core.a(wiring.c.o) (analogReference)
C:\Users\andre\AppData\Local\Temp\VMBuilds\Weater-station\nano_33_iot\Debug/core.a(wiring_digital.c.o)
                              Weater-station.cpp.o (pinMode)
C:\Users\andre\AppData\Local\Temp\VMBuilds\Weater-station\nano_33_iot\Debug/core.a(wiring_private.c.o)
                              C:\Users\andre\AppData\Local\Temp\VMBuilds\Weater-station\nano_33_iot\Debug/core.a(wiring_analog.c.o) (pinPeripheral)
C:\Users\andre\AppData\Local\Temp\VMBuilds\Weater-station\nano_33_iot\Debug/core.a(main.cpp.o)
                              c:/users/andre/appdata/local/arduino15/packages/arduino/tools/arm-none-eabi-gcc/7-2017q4/bin/../lib/gcc/arm-none-eabi/7.2.1/../../../../arm-none-eabi/lib/thumb/v6-m/crt0.o (main)
C:\Users\andre\AppData\Local\Temp\VMBuilds\Weater-station\nano_33_iot\Debug/core.a(Reset.cpp.o)
                              C:\Users\andre\AppData\Local\Temp\VMBuilds\Weater-station\nano_33_iot\Debug/core.a(delay.c.o) (tickReset)
C:\Users\andre\AppData\Local\Temp\VMBuilds\Weater-station\nano_33_iot\Debug/core.a(SERCOM.cpp.o)
                              C:\Users\andre\AppData\Local\Temp\VMBCore\arduino16x\1d093a4fd5180871f6b3e04a4d64df6f\variant\variant.cpp.o (SERCOM::SERCOM(Sercom*))
C:\Users\andre\AppData\Local\Temp\VMBuilds\Weater-station\nano_33_iot\Debug/core.a(Uart.cpp.o)
                              C:\Users\andre\AppData\Local\Temp\VMBCore\arduino16x\1d093a4fd5180871f6b3e04a4d64df6f\variant\variant.cpp.o (Uart::Uart(SERCOM*, unsigned char, unsigned char, SercomRXPad, SercomUartTXPad, unsigned char, unsigned char))
C:\Users\andre\AppData\Local\Temp\VMBuilds\Weater-station\nano_33_iot\Debug/core.a(Common.cpp.o)
                              ModbusMaster\ModbusMaster.cpp.o (makeWord(unsigned short))
C:\Users\andre\AppData\Local\Temp\VMBuilds\Weater-station\nano_33_iot\Debug/core.a(Print.cpp.o)
                              C:\Users\andre\AppData\Local\Temp\VMBuilds\Weater-station\nano_33_iot\Debug/core.a(Uart.cpp.o) (arduino::Print::write(unsigned char const*, unsigned int))
C:\Users\andre\AppData\Local\Temp\VMBuilds\Weater-station\nano_33_iot\Debug/core.a(CDC.cpp.o)
                              Weater-station.cpp.o (Serial_::flush())
C:\Users\andre\AppData\Local\Temp\VMBuilds\Weater-station\nano_33_iot\Debug/core.a(USBCore.cpp.o)
                              C:\Users\andre\AppData\Local\Temp\VMBuilds\Weater-station\nano_33_iot\Debug/core.a(CDC.cpp.o) (usbd)
C:\Users\andre\AppData\Local\Temp\VMBuilds\Weater-station\nano_33_iot\Debug/core.a(abi.cpp.o)
                              C:\Users\andre\AppData\Local\Temp\VMBuilds\Weater-station\nano_33_iot\Debug/core.a(Print.cpp.o) (__cxa_pure_virtual)
C:\Users\andre\AppData\Local\Temp\VMBuilds\Weater-station\nano_33_iot\Debug/core.a(new.cpp.o)
                              C:\Users\andre\AppData\Local\Temp\VMBuilds\Weater-station\nano_33_iot\Debug/core.a(USBCore.cpp.o) (operator new(unsigned int))
C:\Users\andre\AppData\Local\Temp\VMBuilds\Weater-station\nano_33_iot\Debug/core.a(PluggableUSB.cpp.o)
                              C:\Users\andre\AppData\Local\Temp\VMBuilds\Weater-station\nano_33_iot\Debug/core.a(USBCore.cpp.o) (arduino::PluggableUSB_::getInterface(unsigned char*))
c:/users/andre/appdata/local/arduino15/packages/arduino/tools/arm-none-eabi-gcc/7-2017q4/bin/../lib/gcc/arm-none-eabi/7.2.1/thumb/v6-m\libgcc.a(_thumb1_case_uqi.o)
                              ModbusMaster\ModbusMaster.cpp.o (__gnu_thumb1_case_uqi)
c:/users/andre/appdata/local/arduino15/packages/arduino/tools/arm-none-eabi-gcc/7-2017q4/bin/../lib/gcc/arm-none-eabi/7.2.1/thumb/v6-m\libgcc.a(_udivsi3.o)
[...]
Memory Configuration

Name             Origin             Length             Attributes
FLASH            0x00002000         0x0003e000         xr
RAM              0x20000000         0x00008000         xrw
*default*        0x00000000         0xffffffff

Linker script and memory map

LOAD c:/users/andre/appdata/local/arduino15/packages/arduino/tools/arm-none-eabi-gcc/7-2017q4/bin/../lib/gcc/arm-none-eabi/7.2.1/thumb/v6-m/crti.o
LOAD c:/users/andre/appdata/local/arduino15/packages/arduino/tools/arm-none-eabi-gcc/7-2017q4/bin/../lib/gcc/arm-none-eabi/7.2.1/thumb/v6-m/crtbegin.o
LOAD c:/users/andre/appdata/local/arduino15/packages/arduino/tools/arm-none-eabi-gcc/7-2017q4/bin/../lib/gcc/arm-none-eabi/7.2.1/../../../../arm-none-eabi/lib/thumb/v6-m/crt0.o
LOAD Weater-station.cpp.o
LOAD ModbusMaster\ModbusMaster.cpp.o
LOAD C:\Users\andre\AppData\Local\Temp\VMBCore\arduino16x\1d093a4fd5180871f6b3e04a4d64df6f\variant\variant.cpp.o
START GROUP
LOAD C:\Users\andre\AppData\Local\arduino15\packages\arduino\tools\CMSIS\4.5.0/CMSIS/Lib/GCC/\libarm_cortexM0l_math.a
LOAD C:\Users\andre\AppData\Local\Temp\VMBuilds\Weater-station\nano_33_iot\Debug/core.a
END GROUP
LOAD c:/users/andre/appdata/local/arduino15/packages/arduino/tools/arm-none-eabi-gcc/7-2017q4/bin/../lib/gcc/arm-none-eabi/7.2.1/../../../../arm-none-eabi/lib/thumb/v6-m\libstdc++_nano.a
LOAD c:/users/andre/appdata/local/arduino15/packages/arduino/tools/arm-none-eabi-gcc/7-2017q4/bin/../lib/gcc/arm-none-eabi/7.2.1/../../../../arm-none-eabi/lib/thumb/v6-m\libm.a
START GROUP
LOAD c:/users/andre/appdata/local/arduino15/packages/arduino/tools/arm-none-eabi-gcc/7-2017q4/bin/../lib/gcc/arm-none-eabi/7.2.1/thumb/v6-m\libgcc.a
LOAD c:/users/andre/appdata/local/arduino15/packages/arduino/tools/arm-none-eabi-gcc/7-2017q4/bin/../lib/gcc/arm-none-eabi/7.2.1/../../../../arm-none-eabi/lib/thumb/v6-m\libc_nano.a
END GROUP
START GROUP
LOAD c:/users/andre/appdata/local/arduino15/packages/arduino/tools/arm-none-eabi-gcc/7-2017q4/bin/../lib/gcc/arm-none-eabi/7.2.1/thumb/v6-m\libgcc.a
LOAD c:/users/andre/appdata/local/arduino15/packages/arduino/tools/arm-none-eabi-gcc/7-2017q4/bin/../lib/gcc/arm-none-eabi/7.2.1/../../../../arm-none-eabi/lib/thumb/v6-m\libc_nano.a
LOAD c:/users/andre/appdata/local/arduino15/packages/arduino/tools/arm-none-eabi-gcc/7-2017q4/bin/../lib/gcc/arm-none-eabi/7.2.1/../../../../arm-none-eabi/lib/thumb/v6-m\libnosys.a
END GROUP
START GROUP
LOAD c:/users/andre/appdata/local/arduino15/packages/arduino/tools/arm-none-eabi-gcc/7-2017q4/bin/../lib/gcc/arm-none-eabi/7.2.1/thumb/v6-m\libgcc.a
LOAD c:/users/andre/appdata/local/arduino15/packages/arduino/tools/arm-none-eabi-gcc/7-2017q4/bin/../lib/gcc/arm-none-eabi/7.2.1/../../../../arm-none-eabi/lib/thumb/v6-m\libc_nano.a
LOAD c:/users/andre/appdata/local/arduino15/packages/arduino/tools/arm-none-eabi-gcc/7-2017q4/bin/../lib/gcc/arm-none-eabi/7.2.1/../../../../arm-none-eabi/lib/thumb/v6-m\libnosys.a
END GROUP
LOAD c:/users/andre/appdata/local/arduino15/packages/arduino/tools/arm-none-eabi-gcc/7-2017q4/bin/../lib/gcc/arm-none-eabi/7.2.1/thumb/v6-m/crtend.o
LOAD c:/users/andre/appdata/local/arduino15/packages/arduino/tools/arm-none-eabi-gcc/7-2017q4/bin/../lib/gcc/arm-none-eabi/7.2.1/thumb/v6-m/crtn.o

.text           0x00002000     0x5cfc
                0x00002000                __text_start__ = .
 *(.sketch_boot)
                0x00002000                . = ALIGN (0x2000)
 *(.isr_vector)
 .isr_vector    0x00002000       0xb4 C:\Users\andre\AppData\Local\Temp\VMBuilds\Weater-station\nano_33_iot\Debug/core.a(cortex_handlers.c.o)
                0x00002000                exception_table
 *(.text*)
 .text          0x000020b4       0x48 c:/users/andre/appdata/local/arduino15/packages/arduino/tools/arm-none-eabi-gcc/7-2017q4/bin/../lib/gcc/arm-none-eabi/7.2.1/thumb/v6-m/crtbegin.o
 .text._Z9setTxModev
                0x000020fc        0xc Weater-station.cpp.o
                0x000020fc                setTxMode()
 .text._Z9setRxModev
                0x00002108        0xc Weater-station.cpp.o
                0x00002108                setRxMode()
 .text._Z18overturningCounterv
                0x00002114       0x5c Weater-station.cpp.o
                0x00002114                overturningCounter()
 .text.setup    0x00002170       0xf0 Weater-station.cpp.o
                0x00002170                setup
 .text._Z18getModbusErrorInfoh
                0x00002260       0x5c Weater-station.cpp.o
                0x00002260                getModbusErrorInfo(unsigned char)
 .text._Z22getActualWindDirectionh
                0x000022bc       0xac Weater-station.cpp.o
                0x000022bc                getActualWindDirection(unsigned char)
 .text._Z9printDatah
                0x00002368      0x1ec Weater-station.cpp.o
                0x00002368                printData(unsigned char)
 .text._Z13modbusRequesth
                0x00002554      0x160 Weater-station.cpp.o
                0x00002554                modbusRequest(unsigned char)
 .text.startup._GLOBAL__sub_I_millisAtLoopBegin
                0x000026b4       0x10 Weater-station.cpp.o
 .text.loop     0x000026c4      0x160 Weater-station.cpp.o
                0x000026c4                loop
 .text._ZN12ModbusMasterC2Ev
                0x00002824        0xe ModbusMaster\ModbusMaster.cpp.o
                0x00002824                ModbusMaster::ModbusMaster()
                0x00002824                ModbusMaster::ModbusMaster()
 .text._ZN12ModbusMaster5beginEhRN7arduino6StreamE
                0x00002832       0x12 ModbusMaster\ModbusMaster.cpp.o
                0x00002832                ModbusMaster::begin(unsigned char, arduino::Stream&)
 .text._ZN12ModbusMaster4idleEPFvvE
                0x00002844        0x6 ModbusMaster\ModbusMaster.cpp.o
                0x00002844                ModbusMaster::idle(void (*)())
 .text._ZN12ModbusMaster15preTransmissionEPFvvE
                0x0000284a        0x6 ModbusMaster\ModbusMaster.cpp.o
                0x0000284a                ModbusMaster::preTransmission(void (*)())
 .text._ZN12ModbusMaster16postTransmissionEPFvvE
                0x00002850        0x6 ModbusMaster\ModbusMaster.cpp.o
                0x00002850                ModbusMaster::postTransmission(void (*)())
 *fill*         0x00002856        0x2 
 .text._ZN12ModbusMaster17getResponseBufferEh
                0x00002858       0x18 ModbusMaster\ModbusMaster.cpp.o
                0x00002858                ModbusMaster::getResponseBuffer(unsigned char)
 .text._ZN12ModbusMaster19clearResponseBufferEv
                0x00002870       0x12 ModbusMaster\ModbusMaster.cpp.o
                0x00002870                ModbusMaster::clearResponseBuffer()
 *fill*         0x00002882        0x2 
 .text._ZN12ModbusMaster23ModbusMasterTransactionEh
                0x00002884      0x3c8 ModbusMaster\ModbusMaster.cpp.o
                0x00002884                ModbusMaster::ModbusMasterTransaction(unsigned char)
 .text._ZN12ModbusMaster20readHoldingRegistersEtt
                0x00002c4c        0xe ModbusMaster\ModbusMaster.cpp.o
                0x00002c4c                ModbusMaster::readHoldingRegisters(unsigned short, unsigned short)
 .text.initVariant
                0x00002c5a       0x24 C:\Users\andre\AppData\Local\Temp\VMBCore\arduino16x\1d093a4fd5180871f6b3e04a4d64df6f\variant\variant.cpp.o
                0x00002c5a                initVariant
 *fill*         0x00002c7e        0x2 
 .text.SERCOM5_Handler
                0x00002c80       0x10 C:\Users\andre\AppData\Local\Temp\VMBCore\arduino16x\1d093a4fd5180871f6b3e04a4d64df6f\variant\variant.cpp.o
                0x00002c80                SERCOM5_Handler
 .text.SERCOM3_Handler
                0x00002c90       0x10 C:\Users\andre\AppData\Local\Temp\VMBCore\arduino16x\1d093a4fd5180871f6b3e04a4d64df6f\variant\variant.cpp.o
                0x00002c90                SERCOM3_Handler
 .text.SERCOM2_Handler
                0x00002ca0       0x10 C:\Users\andre\AppData\Local\Temp\VMBCore\arduino16x\1d093a4fd5180871f6b3e04a4d64df6f\variant\variant.cpp.o
                0x00002ca0                SERCOM2_Handler
 .text.startup._GLOBAL__sub_I_g_APinDescription
                0x00002cb0       0xbc C:\Users\andre\AppData\Local\Temp\VMBCore\arduino16x\1d093a4fd5180871f6b3e04a4d64df6f\variant\variant.cpp.o
 .text.Dummy_Handler
                0x00002d6c        0x2 C:\Users\andre\AppData\Local\Temp\VMBuilds\Weater-station\nano_33_iot\Debug/core.a(cortex_handlers.c.o)
                0x00002d6c                DMAC_Handler
                0x00002d6c                HardFault_Handler
                0x00002d6c                AC_Handler
                0x00002d6c                PendSV_Handler
                0x00002d6c                NMI_Handler
                0x00002d6c                TC7_Handler
                0x00002d6c                SERCOM1_Handler
                0x00002d6c                ADC_Handler
                0x00002d6c                TCC1_Handler
                0x00002d6c                TCC0_Handler
                0x00002d6c                RTC_Handler
                0x00002d6c                EIC_Handler
                0x00002d6c                TC6_Handler
                0x00002d6c                WDT_Handler
                0x00002d6c                TC4_Handler
                0x00002d6c                TC3_Handler
                0x00002d6c                Dummy_Handler
                0x00002d6c                PM_Handler
                0x00002d6c                SVC_Handler
                0x00002d6c                TCC2_Handler
                0x00002d6c                EVSYS_Handler
                0x00002d6c                SERCOM4_Handler
                0x00002d6c                I2S_Handler
                0x00002d6c                NVMCTRL_Handler
                0x00002d6c                SERCOM0_Handler
                0x00002d6c                DAC_Handler
                0x00002d6c                PTC_Handler
                0x00002d6c                SYSCTRL_Handler
 *fill*         0x00002d6e        0x2 
 .text.USB_Handler
                0x00002d70       0x14 C:\Users\andre\AppData\Local\Temp\VMBuilds\Weater-station\nano_33_iot\Debug/core.a(cortex_handlers.c.o)
                0x00002d70                USB_Handler
 .text.Reset_Handler
                0x00002d84       0x54 C:\Users\andre\AppData\Local\Temp\VMBuilds\Weater-station\nano_33_iot\Debug/core.a(cortex_handlers.c.o)
                0x00002d84                Reset_Handler
 .text.SysTick_Handler
                0x00002dd8       0x10 C:\Users\andre\AppData\Local\Temp\VMBuilds\Weater-station\nano_33_iot\Debug/core.a(cortex_handlers.c.o)
                0x00002dd8                SysTick_Handler
 .text.USB_SetHandler
                0x00002de8        0xc C:\Users\andre\AppData\Local\Temp\VMBuilds\Weater-station\nano_33_iot\Debug/core.a(cortex_handlers.c.o)
                0x00002de8                USB_SetHandler
 .text.millis   0x00002df4        0xc C:\Users\andre\AppData\Local\Temp\VMBuilds\Weater-station\nano_33_iot\Debug/core.a(delay.c.o)
                0x00002df4                millis
 .text.micros   0x00002e00       0x60 C:\Users\andre\AppData\Local\Temp\VMBuilds\Weater-station\nano_33_iot\Debug/core.a(delay.c.o)
                0x00002e00                micros
 .text.delay    0x00002e60       0x30 C:\Users\andre\AppData\Local\Temp\VMBuilds\Weater-station\nano_33_iot\Debug/core.a(delay.c.o)
                0x00002e60                delay
 .text.resetExternalChip
                0x00002e90        0x2 C:\Users\andre\AppData\Local\Temp\VMBuilds\Weater-station\nano_33_iot\Debug/core.a(delay.c.o)
                0x00002e90                resetExternalChip
 *fill*         0x00002e92        0x2 
 .text.SysTick_DefaultHandler
                0x00002e94       0x14 C:\Users\andre\AppData\Local\Temp\VMBuilds\Weater-station\nano_33_iot\Debug/core.a(delay.c.o)
                0x00002e94                SysTick_DefaultHandler
 .text.__empty  0x00002ea8        0x2 C:\Users\andre\AppData\Local\Temp\VMBuilds\Weater-station\nano_33_iot\Debug/core.a(hooks.c.o)
                0x00002ea8                yield
 .text.__false  0x00002eaa        0x4 C:\Users\andre\AppData\Local\Temp\VMBuilds\Weater-station\nano_33_iot\Debug/core.a(hooks.c.o)
                0x00002eaa                sysTickHook
 *fill*         0x00002eae        0x2 
 .text.SystemInit
                0x00002eb0      0x194 C:\Users\andre\AppData\Local\Temp\VMBuilds\Weater-station\nano_33_iot\Debug/core.a(startup.c.o)
                0x00002eb0                SystemInit
 .text.init     0x00003044       0xf0 C:\Users\andre\AppData\Local\Temp\VMBuilds\Weater-station\nano_33_iot\Debug/core.a(wiring.c.o)
                0x00003044                init
 .text.analogReference
                0x00003134       0x64 C:\Users\andre\AppData\Local\Temp\VMBuilds\Weater-station\nano_33_iot\Debug/core.a(wiring_analog.c.o)
                0x00003134                analogReference
 .text.pinMode  0x00003198       0x98 C:\Users\andre\AppData\Local\Temp\VMBuilds\Weater-station\nano_33_iot\Debug/core.a(wiring_digital.c.o)
                0x00003198                pinMode
 .text.digitalWrite
                0x00003230       0x58 C:\Users\andre\AppData\Local\Temp\VMBuilds\Weater-station\nano_33_iot\Debug/core.a(wiring_digital.c.o)
                0x00003230                digitalWrite
 .text.digitalRead
                0x00003288       0x30 C:\Users\andre\AppData\Local\Temp\VMBuilds\Weater-station\nano_33_iot\Debug/core.a(wiring_digital.c.o)
                0x00003288                digitalRead
 .text.pinPeripheral
                0x000032b8       0xc0 C:\Users\andre\AppData\Local\Temp\VMBuilds\Weater-station\nano_33_iot\Debug/core.a(wiring_private.c.o)
                0x000032b8                pinPeripheral
 .text.startup.main
                0x00003378       0x40 C:\Users\andre\AppData\Local\Temp\VMBuilds\Weater-station\nano_33_iot\Debug/core.a(main.cpp.o)
                0x00003378                main
 .text.initiateReset
                0x000033b8       0x14 C:\Users\andre\AppData\Local\Temp\VMBuilds\Weater-station\nano_33_iot\Debug/core.a(Reset.cpp.o)
                0x000033b8                initiateReset
 .text.cancelReset
                0x000033cc       0x10 C:\Users\andre\AppData\Local\Temp\VMBuilds\Weater-station\nano_33_iot\Debug/core.a(Reset.cpp.o)
                0x000033cc                cancelReset
 .text.tickReset
                0x000033dc       0x78 C:\Users\andre\AppData\Local\Temp\VMBuilds\Weater-station\nano_33_iot\Debug/core.a(Reset.cpp.o)
                0x000033dc                tickReset
 .text._ZN6SERCOMC2EP6Sercom
                0x00003454        0x4 C:\Users\andre\AppData\Local\Temp\VMBuilds\Weater-station\nano_33_iot\Debug/core.a(SERCOM.cpp.o)
                0x00003454                SERCOM::SERCOM(Sercom*)
                0x00003454                SERCOM::SERCOM(Sercom*)
 .text._ZN6SERCOM9initFrameE18SercomUartCharSize15SercomDataOrder16SercomParityMode19SercomNumberStopBit
                0x00003458       0x3a C:\Users\andre\AppData\Local\Temp\VMBuilds\Weater-station\nano_33_iot\Debug/core.a(SERCOM.cpp.o)
                0x00003458                SERCOM::initFrame(SercomUartCharSize, SercomDataOrder, SercomParityMode, SercomNumberStopBit)
 .text._ZN6SERCOM8initPadsE15SercomUartTXPad11SercomRXPad
                0x00003492       0x26 C:\Users\andre\AppData\Local\Temp\VMBuilds\Weater-station\nano_33_iot\Debug/core.a(SERCOM.cpp.o)
                0x00003492                SERCOM::initPads(SercomUartTXPad, SercomRXPad)
 .text._ZN6SERCOM9resetUARTEv
                0x000034b8       0x1a C:\Users\andre\AppData\Local\Temp\VMBuilds\Weater-station\nano_33_iot\Debug/core.a(SERCOM.cpp.o)
                0x000034b8                SERCOM::resetUART()
 .text._ZN6SERCOM10enableUARTEv
                0x000034d2       0x14 C:\Users\andre\AppData\Local\Temp\VMBuilds\Weater-station\nano_33_iot\Debug/core.a(SERCOM.cpp.o)
                0x000034d2                SERCOM::enableUART()
 .text._ZN6SERCOM9flushUARTEv
                0x000034e6        0xa C:\Users\andre\AppData\Local\Temp\VMBuilds\Weater-station\nano_33_iot\Debug/core.a(SERCOM.cpp.o)
                0x000034e6                SERCOM::flushUART()
 .text._ZN6SERCOM15clearStatusUARTEv
                0x000034f0        0x8 C:\Users\andre\AppData\Local\Temp\VMBuilds\Weater-station\nano_33_iot\Debug/core.a(SERCOM.cpp.o)
                0x000034f0                SERCOM::clearStatusUART()
 .text._ZN6SERCOM17availableDataUARTEv
                0x000034f8        0xa C:\Users\andre\AppData\Local\Temp\VMBuilds\Weater-station\nano_33_iot\Debug/core.a(SERCOM.cpp.o)
                0x000034f8                SERCOM::availableDataUART()
 .text._ZN6SERCOM11isUARTErrorEv
                0x00003502        0x8 C:\Users\andre\AppData\Local\Temp\VMBuilds\Weater-station\nano_33_iot\Debug/core.a(SERCOM.cpp.o)
                0x00003502                SERCOM::isUARTError()
 .text._ZN6SERCOM20acknowledgeUARTErrorEv
                0x0000350a        0xe C:\Users\andre\AppData\Local\Temp\VMBuilds\Weater-station\nano_33_iot\Debug/core.a(SERCOM.cpp.o)
                0x0000350a                SERCOM::acknowledgeUARTError()
 .text._ZN6SERCOM16isFrameErrorUARTEv
                0x00003518        0xa C:\Users\andre\AppData\Local\Temp\VMBuilds\Weater-station\nano_33_iot\Debug/core.a(SERCOM.cpp.o)
                0x00003518                SERCOM::isFrameErrorUART()
 .text._ZN6SERCOM19clearFrameErrorUARTEv
                0x00003522        0xc C:\Users\andre\AppData\Local\Temp\VMBuilds\Weater-station\nano_33_iot\Debug/core.a(SERCOM.cpp.o)
                0x00003522                SERCOM::clearFrameErrorUART()
 .text._ZN6SERCOM23isDataRegisterEmptyUARTEv
                0x0000352e        0xa C:\Users\andre\AppData\Local\Temp\VMBuilds\Weater-station\nano_33_iot\Debug/core.a(SERCOM.cpp.o)
                0x0000352e                SERCOM::isDataRegisterEmptyUART()
 .text._ZN6SERCOM12readDataUARTEv
                0x00003538        0x8 C:\Users\andre\AppData\Local\Temp\VMBuilds\Weater-station\nano_33_iot\Debug/core.a(SERCOM.cpp.o)
                0x00003538                SERCOM::readDataUART()
 .text._ZN6SERCOM13writeDataUARTEh
                0x00003540       0x10 C:\Users\andre\AppData\Local\Temp\VMBuilds\Weater-station\nano_33_iot\Debug/core.a(SERCOM.cpp.o)
                0x00003540                SERCOM::writeDataUART(unsigned char)
 .text._ZN6SERCOM36enableDataRegisterEmptyInterruptUARTEv
                0x00003550        0x8 C:\Users\andre\AppData\Local\Temp\VMBuilds\Weater-station\nano_33_iot\Debug/core.a(SERCOM.cpp.o)
                0x00003550                SERCOM::enableDataRegisterEmptyInterruptUART()
 .text._ZN6SERCOM37disableDataRegisterEmptyInterruptUARTEv
                0x00003558        0x8 C:\Users\andre\AppData\Local\Temp\VMBuilds\Weater-station\nano_33_iot\Debug/core.a(SERCOM.cpp.o)
                0x00003558                SERCOM::disableDataRegisterEmptyInterruptUART()
 .text._ZN6SERCOM13initClockNVICEv
                0x00003560       0xa8 C:\Users\andre\AppData\Local\Temp\VMBuilds\Weater-station\nano_33_iot\Debug/core.a(SERCOM.cpp.o)
                0x00003560                SERCOM::initClockNVIC()
 .text._ZN6SERCOM8initUARTE14SercomUartMode20SercomUartSampleRatem
                0x00003608       0x6c C:\Users\andre\AppData\Local\Temp\VMBuilds\Weater-station\nano_33_iot\Debug/core.a(SERCOM.cpp.o)
                0x00003608                SERCOM::initUART(SercomUartMode, SercomUartSampleRate, unsigned long)
 .text._ZN4UartcvbEv
                0x00003674        0x4 C:\Users\andre\AppData\Local\Temp\VMBuilds\Weater-station\nano_33_iot\Debug/core.a(Uart.cpp.o)
                0x00003674                Uart::operator bool()
 .text._ZN4Uart5beginEm
                0x00003678       0x10 C:\Users\andre\AppData\Local\Temp\VMBuilds\Weater-station\nano_33_iot\Debug/core.a(Uart.cpp.o)
                0x00003678                Uart::begin(unsigned long)
 .text._ZN4Uart9availableEv
                0x00003688        0x4 C:\Users\andre\AppData\Local\Temp\VMBuilds\Weater-station\nano_33_iot\Debug/core.a(Uart.cpp.o)
                0x00003688                Uart::available()
 .text._ZN4Uart17availableForWriteEv
                0x0000368c        0xa C:\Users\andre\AppData\Local\Temp\VMBuilds\Weater-station\nano_33_iot\Debug/core.a(Uart.cpp.o)
                0x0000368c                Uart::availableForWrite()
 .text._ZN4Uart4peekEv
                0x00003696       0x14 C:\Users\andre\AppData\Local\Temp\VMBuilds\Weater-station\nano_33_iot\Debug/core.a(Uart.cpp.o)
                0x00003696                Uart::peek()
 .text._ZN4Uart3endEv
                0x000036aa       0x20 C:\Users\andre\AppData\Local\Temp\VMBuilds\Weater-station\nano_33_iot\Debug/core.a(Uart.cpp.o)
                0x000036aa                Uart::end()
 .text._ZN4Uart5flushEv
                0x000036ca       0x14 C:\Users\andre\AppData\Local\Temp\VMBuilds\Weater-station\nano_33_iot\Debug/core.a(Uart.cpp.o)
                0x000036ca                Uart::flush()
 .text._ZN7__GuardD2Ev
                0x000036de        0xe C:\Users\andre\AppData\Local\Temp\VMBuilds\Weater-station\nano_33_iot\Debug/core.a(Uart.cpp.o)
                0x000036de                __Guard::~__Guard()
                0x000036de                __Guard::~__Guard()
 .text._ZN4Uart16extractNbStopBitEt
                0x000036ec        0xc C:\Users\andre\AppData\Local\Temp\VMBuilds\Weater-station\nano_33_iot\Debug/core.a(Uart.cpp.o)
                0x000036ec                Uart::extractNbStopBit(unsigned short)
 .text._ZN4Uart15extractCharSizeEt
                0x000036f8       0x28 C:\Users\andre\AppData\Local\Temp\VMBuilds\Weater-station\nano_33_iot\Debug/core.a(Uart.cpp.o)
                0x000036f8                Uart::extractCharSize(unsigned short)
 .text._ZN4Uart13extractParityEt
                0x00003720       0x14 C:\Users\andre\AppData\Local\Temp\VMBuilds\Weater-station\nano_33_iot\Debug/core.a(Uart.cpp.o)
                0x00003720                Uart::extractParity(unsigned short)
 .text._ZN4Uart5beginEmt
                0x00003734       0xf0 C:\Users\andre\AppData\Local\Temp\VMBuilds\Weater-station\nano_33_iot\Debug/core.a(Uart.cpp.o)
                0x00003734                Uart::begin(unsigned long, unsigned short)
 .text._ZN7arduino11RingBufferNILi64EEC2Ev
                0x00003824       0x18 C:\Users\andre\AppData\Local\Temp\VMBuilds\Weater-station\nano_33_iot\Debug/core.a(Uart.cpp.o)
                0x00003824                arduino::RingBufferN<64>::RingBufferN()
                0x00003824                arduino::RingBufferN<64>::RingBufferN()
 .text._ZN4UartC2EP6SERCOMhh11SercomRXPad15SercomUartTXPadhh
                0x0000383c       0x70 C:\Users\andre\AppData\Local\Temp\VMBuilds\Weater-station\nano_33_iot\Debug/core.a(Uart.cpp.o)
                0x0000383c                Uart::Uart(SERCOM*, unsigned char, unsigned char, SercomRXPad, SercomUartTXPad, unsigned char, unsigned char)
                0x0000383c                Uart::Uart(SERCOM*, unsigned char, unsigned char, SercomRXPad, SercomUartTXPad, unsigned char, unsigned char)
 .text._ZN4UartC2EP6SERCOMhh11SercomRXPad15SercomUartTXPad
                0x000038ac       0x5c C:\Users\andre\AppData\Local\Temp\VMBuilds\Weater-station\nano_33_iot\Debug/core.a(Uart.cpp.o)
                0x000038ac                Uart::Uart(SERCOM*, unsigned char, unsigned char, SercomRXPad, SercomUartTXPad)
                0x000038ac                Uart::Uart(SERCOM*, unsigned char, unsigned char, SercomRXPad, SercomUartTXPad)
 .text._ZN7arduino15SafeRingBufferNILi64EE10store_charEh
                0x00003908       0x42 C:\Users\andre\AppData\Local\Temp\VMBuilds\Weater-station\nano_33_iot\Debug/core.a(Uart.cpp.o)
                0x00003908                arduino::SafeRingBufferN<64>::store_char(unsigned char)
 .text._ZN7arduino15SafeRingBufferNILi64EE9read_charEv
                0x0000394a       0x4a C:\Users\andre\AppData\Local\Temp\VMBuilds\Weater-station\nano_33_iot\Debug/core.a(Uart.cpp.o)
                0x0000394a                arduino::SafeRingBufferN<64>::read_char()
 .text._ZN4Uart10IrqHandlerEv
                0x00003994       0x9a C:\Users\andre\AppData\Local\Temp\VMBuilds\Weater-station\nano_33_iot\Debug/core.a(Uart.cpp.o)
                0x00003994                Uart::IrqHandler()
 *fill*         0x00003a2e        0x2 
 .text._ZN4Uart5writeEh
                0x00003a30       0x94 C:\Users\andre\AppData\Local\Temp\VMBuilds\Weater-station\nano_33_iot\Debug/core.a(Uart.cpp.o)
                0x00003a30                Uart::write(unsigned char)
 .text._ZN4Uart4readEv
                0x00003ac4       0x2c C:\Users\andre\AppData\Local\Temp\VMBuilds\Weater-station\nano_33_iot\Debug/core.a(Uart.cpp.o)
                0x00003ac4                Uart::read()
 .text._Z8makeWordhh
                0x00003af0        0x6 C:\Users\andre\AppData\Local\Temp\VMBuilds\Weater-station\nano_33_iot\Debug/core.a(Common.cpp.o)
                0x00003af0                makeWord(unsigned char, unsigned char)
 .text._ZN7arduino5Print5writeEPKhj
                0x00003af6       0x28 C:\Users\andre\AppData\Local\Temp\VMBuilds\Weater-station\nano_33_iot\Debug/core.a(Print.cpp.o)
                0x00003af6                arduino::Print::write(unsigned char const*, unsigned int)
 .text._ZN7arduino5Print5writeEPKc.part.2
                0x00003b1e       0x1a C:\Users\andre\AppData\Local\Temp\VMBuilds\Weater-station\nano_33_iot\Debug/core.a(Print.cpp.o)
 .text._ZN7arduino5Print5writeEPKc
                0x00003b38       0x10 C:\Users\andre\AppData\Local\Temp\VMBuilds\Weater-station\nano_33_iot\Debug/core.a(Print.cpp.o)
                0x00003b38                arduino::Print::write(char const*)
 .text._ZN7arduino5Print5printEPKNS_19__FlashStringHelperE
                0x00003b48        0x8 C:\Users\andre\AppData\Local\Temp\VMBuilds\Weater-station\nano_33_iot\Debug/core.a(Print.cpp.o)
                0x00003b48                arduino::Print::print(arduino::__FlashStringHelper const*)
 .text._ZN7arduino5Print5printEPKc
                0x00003b50        0x8 C:\Users\andre\AppData\Local\Temp\VMBuilds\Weater-station\nano_33_iot\Debug/core.a(Print.cpp.o)
                0x00003b50                arduino::Print::print(char const*)
 .text._ZN7arduino5Print5printEc
                0x00003b58        0xa C:\Users\andre\AppData\Local\Temp\VMBuilds\Weater-station\nano_33_iot\Debug/core.a(Print.cpp.o)
                0x00003b58                arduino::Print::print(char)
 *fill*         0x00003b62        0x2 
 .text._ZN7arduino5Print7printlnEv
                0x00003b64       0x10 C:\Users\andre\AppData\Local\Temp\VMBuilds\Weater-station\nano_33_iot\Debug/core.a(Print.cpp.o)
                0x00003b64                arduino::Print::println()
 .text._ZN7arduino5Print7printlnEPKNS_19__FlashStringHelperE
                0x00003b74       0x14 C:\Users\andre\AppData\Local\Temp\VMBuilds\Weater-station\nano_33_iot\Debug/core.a(Print.cpp.o)
                0x00003b74                arduino::Print::println(arduino::__FlashStringHelper const*)
 .text._ZN7arduino5Print7printlnEPKc
                0x00003b88       0x14 C:\Users\andre\AppData\Local\Temp\VMBuilds\Weater-station\nano_33_iot\Debug/core.a(Print.cpp.o)
                0x00003b88                arduino::Print::println(char const*)
 .text._ZN7arduino5Print11printNumberEmh
                0x00003b9c       0x48 C:\Users\andre\AppData\Local\Temp\VMBuilds\Weater-station\nano_33_iot\Debug/core.a(Print.cpp.o)
                0x00003b9c                arduino::Print::printNumber(unsigned long, unsigned char)
 .text._ZN7arduino5Print5printEli
                0x00003be4       0x3e C:\Users\andre\AppData\Local\Temp\VMBuilds\Weater-station\nano_33_iot\Debug/core.a(Print.cpp.o)
                0x00003be4                arduino::Print::print(long, int)
 .text._ZN7arduino5Print5printEii
                0x00003c22        0x8 C:\Users\andre\AppData\Local\Temp\VMBuilds\Weater-station\nano_33_iot\Debug/core.a(Print.cpp.o)
                0x00003c22                arduino::Print::print(int, int)
 .text._ZN7arduino5Print7printlnEii
                0x00003c2a       0x14 C:\Users\andre\AppData\Local\Temp\VMBuilds\Weater-station\nano_33_iot\Debug/core.a(Print.cpp.o)
                0x00003c2a                arduino::Print::println(int, int)
 .text._ZN7arduino5Print5printEmi
                0x00003c3e       0x18 C:\Users\andre\AppData\Local\Temp\VMBuilds\Weater-station\nano_33_iot\Debug/core.a(Print.cpp.o)
                0x00003c3e                arduino::Print::print(unsigned long, int)
 .text._ZN7arduino5Print5printEhi
                0x00003c56        0x8 C:\Users\andre\AppData\Local\Temp\VMBuilds\Weater-station\nano_33_iot\Debug/core.a(Print.cpp.o)
                0x00003c56                arduino::Print::print(unsigned char, int)
 *fill*         0x00003c5e        0x2 
 .text._ZN7arduino5Print10printFloatEdi
                0x00003c60      0x170 C:\Users\andre\AppData\Local\Temp\VMBuilds\Weater-station\nano_33_iot\Debug/core.a(Print.cpp.o)
                0x00003c60                arduino::Print::printFloat(double, int)
 .text._ZN7arduino5Print5printEdi
                0x00003dd0        0xc C:\Users\andre\AppData\Local\Temp\VMBuilds\Weater-station\nano_33_iot\Debug/core.a(Print.cpp.o)
                0x00003dd0                arduino::Print::print(double, int)
 .text._ZN7Serial_13getDescriptorERN7arduino8USBSetupE
                0x00003ddc        0x4 C:\Users\andre\AppData\Local\Temp\VMBuilds\Weater-station\nano_33_iot\Debug/core.a(CDC.cpp.o)
                0x00003ddc                Serial_::getDescriptor(arduino::USBSetup&)
 .text._ZL5utox8mPc
                0x00003de0       0x24 C:\Users\andre\AppData\Local\Temp\VMBuilds\Weater-station\nano_33_iot\Debug/core.a(CDC.cpp.o)
 .text._ZN7Serial_12getShortNameEPc
                0x00003e04       0x44 C:\Users\andre\AppData\Local\Temp\VMBuilds\Weater-station\nano_33_iot\Debug/core.a(CDC.cpp.o)
                0x00003e04                Serial_::getShortName(char*)
 .text._ZThn16_N7Serial_12getShortNameEPc
                0x00003e48       0x10 C:\Users\andre\AppData\Local\Temp\VMBuilds\Weater-station\nano_33_iot\Debug/core.a(CDC.cpp.o)
                0x00003e48                non-virtual thunk to Serial_::getShortName(char*)
 .text._ZN7Serial_17availableForWriteEv
                0x00003e58        0x4 C:\Users\andre\AppData\Local\Temp\VMBuilds\Weater-station\nano_33_iot\Debug/core.a(CDC.cpp.o)
                0x00003e58                Serial_::availableForWrite()
 .text._ZN7Serial_5writeEh
                0x00003e5c       0x14 C:\Users\andre\AppData\Local\Temp\VMBuilds\Weater-station\nano_33_iot\Debug/core.a(CDC.cpp.o)
                0x00003e5c                Serial_::write(unsigned char)
 .text._ZN7Serial_12getInterfaceEPh
                0x00003e70      0x11c C:\Users\andre\AppData\Local\Temp\VMBuilds\Weater-station\nano_33_iot\Debug/core.a(CDC.cpp.o)
                0x00003e70                Serial_::getInterface(unsigned char*)
 .text._ZThn16_N7Serial_12getInterfaceEPh
                0x00003f8c       0x10 C:\Users\andre\AppData\Local\Temp\VMBuilds\Weater-station\nano_33_iot\Debug/core.a(CDC.cpp.o)
                0x00003f8c                non-virtual thunk to Serial_::getInterface(unsigned char*)
 .text._ZN7Serial_5setupERN7arduino8USBSetupE
                0x00003f9c       0x98 C:\Users\andre\AppData\Local\Temp\VMBuilds\Weater-station\nano_33_iot\Debug/core.a(CDC.cpp.o)
                0x00003f9c                Serial_::setup(arduino::USBSetup&)
 .text._ZThn16_N7Serial_5setupERN7arduino8USBSetupE
                0x00004034       0x10 C:\Users\andre\AppData\Local\Temp\VMBuilds\Weater-station\nano_33_iot\Debug/core.a(CDC.cpp.o)
                0x00004034                non-virtual thunk to Serial_::setup(arduino::USBSetup&)
 .text._ZN7Serial_9availableEv
                0x00004044       0x20 C:\Users\andre\AppData\Local\Temp\VMBuilds\Weater-station\nano_33_iot\Debug/core.a(CDC.cpp.o)
                0x00004044                Serial_::available()
 .text._ZN7Serial_5flushEv
                0x00004064        0xe C:\Users\andre\AppData\Local\Temp\VMBuilds\Weater-station\nano_33_iot\Debug/core.a(CDC.cpp.o)
                0x00004064                Serial_::flush()
 .text._ZN7Serial_5clearEv
                0x00004072        0xe C:\Users\andre\AppData\Local\Temp\VMBuilds\Weater-station\nano_33_iot\Debug/core.a(CDC.cpp.o)
                0x00004072                Serial_::clear()
 .text._ZN7Serial_5writeEPKhj
                0x00004080       0x1e C:\Users\andre\AppData\Local\Temp\VMBuilds\Weater-station\nano_33_iot\Debug/core.a(CDC.cpp.o)
                0x00004080                Serial_::write(unsigned char const*, unsigned int)
 *fill*         0x0000409e        0x2 
 .text._ZN7Serial_4peekEv
                0x000040a0       0x1c C:\Users\andre\AppData\Local\Temp\VMBuilds\Weater-station\nano_33_iot\Debug/core.a(CDC.cpp.o)
                0x000040a0                Serial_::peek()
 .text._ZN7Serial_4readEv
                0x000040bc       0x24 C:\Users\andre\AppData\Local\Temp\VMBuilds\Weater-station\nano_33_iot\Debug/core.a(CDC.cpp.o)
                0x000040bc                Serial_::read()
 .text._ZThn16_N7Serial_13getDescriptorERN7arduino8USBSetupE
                0x000040e0        0x4 C:\Users\andre\AppData\Local\Temp\VMBuilds\Weater-station\nano_33_iot\Debug/core.a(CDC.cpp.o)
                0x000040e0                non-virtual thunk to Serial_::getDescriptor(arduino::USBSetup&)
 .text._ZN7Serial_14handleEndpointEi
                0x000040e4        0x2 C:\Users\andre\AppData\Local\Temp\VMBuilds\Weater-station\nano_33_iot\Debug/core.a(CDC.cpp.o)
                0x000040e4                Serial_::handleEndpoint(int)
 *fill*         0x000040e6        0x2 
 .text._ZN7Serial_C2ER14USBDeviceClass
                0x000040e8       0x50 C:\Users\andre\AppData\Local\Temp\VMBuilds\Weater-station\nano_33_iot\Debug/core.a(CDC.cpp.o)
                0x000040e8                Serial_::Serial_(USBDeviceClass&)
                0x000040e8                Serial_::Serial_(USBDeviceClass&)
 .text._ZN7Serial_15enableInterruptEv
                0x00004138       0x30 C:\Users\andre\AppData\Local\Temp\VMBuilds\Weater-station\nano_33_iot\Debug/core.a(CDC.cpp.o)
                0x00004138                Serial_::enableInterrupt()
 .text._ZN7Serial_5beginEm
                0x00004168        0x2 C:\Users\andre\AppData\Local\Temp\VMBuilds\Weater-station\nano_33_iot\Debug/core.a(CDC.cpp.o)
                0x00004168                Serial_::begin(unsigned long)
 *fill*         0x0000416a        0x2 
 .text.startup._GLOBAL__sub_I__ZN7Serial_12getInterfaceEPh
                0x0000416c       0x14 C:\Users\andre\AppData\Local\Temp\VMBuilds\Weater-station\nano_33_iot\Debug/core.a(CDC.cpp.o)
 .text._ZN26DoubleBufferedEPOutHandlerD2Ev
                0x00004180        0x2 C:\Users\andre\AppData\Local\Temp\VMBuilds\Weater-station\nano_33_iot\Debug/core.a(USBCore.cpp.o)
                0x00004180                DoubleBufferedEPOutHandler::~DoubleBufferedEPOutHandler()
                0x00004180                DoubleBufferedEPOutHandler::~DoubleBufferedEPOutHandler()
 .text._ZN26DoubleBufferedEPOutHandlerD0Ev
                0x00004182        0xc C:\Users\andre\AppData\Local\Temp\VMBuilds\Weater-station\nano_33_iot\Debug/core.a(USBCore.cpp.o)
                0x00004182                DoubleBufferedEPOutHandler::~DoubleBufferedEPOutHandler()
 *fill*         0x0000418e        0x2 
 .text._ZN14USBDeviceClass6initEPEmm.part.7
                0x00004190       0xc4 C:\Users\andre\AppData\Local\Temp\VMBuilds\Weater-station\nano_33_iot\Debug/core.a(USBCore.cpp.o)
 .text._ZN7__GuardC2Ev
                0x00004254        0xe C:\Users\andre\AppData\Local\Temp\VMBuilds\Weater-station\nano_33_iot\Debug/core.a(USBCore.cpp.o)
                0x00004254                __Guard::__Guard()
                0x00004254                __Guard::__Guard()
 .text._ZNK26DoubleBufferedEPOutHandler10_availableEv
                0x00004262       0x70 C:\Users\andre\AppData\Local\Temp\VMBuilds\Weater-station\nano_33_iot\Debug/core.a(USBCore.cpp.o)
                0x00004262                DoubleBufferedEPOutHandler::_available() const
 *fill*         0x000042d2        0x2 
 .text._ZN26DoubleBufferedEPOutHandler7releaseEv
                0x000042d4       0x38 C:\Users\andre\AppData\Local\Temp\VMBuilds\Weater-station\nano_33_iot\Debug/core.a(USBCore.cpp.o)
                0x000042d4                DoubleBufferedEPOutHandler::release()
 .text._ZN26DoubleBufferedEPOutHandler14handleEndpointEv
                0x0000430c       0xe2 C:\Users\andre\AppData\Local\Temp\VMBuilds\Weater-station\nano_33_iot\Debug/core.a(USBCore.cpp.o)
                0x0000430c                DoubleBufferedEPOutHandler::handleEndpoint()
 .text._ZN14USBDeviceClass14SendInterfacesEPm
                0x000043ee       0x20 C:\Users\andre\AppData\Local\Temp\VMBuilds\Weater-station\nano_33_iot\Debug/core.a(USBCore.cpp.o)
                0x000043ee                USBDeviceClass::SendInterfaces(unsigned long*)
 *fill*         0x0000440e        0x2 
 .text._ZN14USBDeviceClass4initEv
                0x00004410      0x15c C:\Users\andre\AppData\Local\Temp\VMBuilds\Weater-station\nano_33_iot\Debug/core.a(USBCore.cpp.o)
                0x00004410                USBDeviceClass::init()
 .text._ZN14USBDeviceClass6attachEv
                0x0000456c       0x34 C:\Users\andre\AppData\Local\Temp\VMBuilds\Weater-station\nano_33_iot\Debug/core.a(USBCore.cpp.o)
                0x0000456c                USBDeviceClass::attach()
 .text._ZN14USBDeviceClass10setAddressEm
                0x000045a0       0x48 C:\Users\andre\AppData\Local\Temp\VMBuilds\Weater-station\nano_33_iot\Debug/core.a(USBCore.cpp.o)
                0x000045a0                USBDeviceClass::setAddress(unsigned long)
 .text._ZN14USBDeviceClass25handleClassInterfaceSetupERN7arduino8USBSetupE
                0x000045e8       0x24 C:\Users\andre\AppData\Local\Temp\VMBuilds\Weater-station\nano_33_iot\Debug/core.a(USBCore.cpp.o)
                0x000045e8                USBDeviceClass::handleClassInterfaceSetup(arduino::USBSetup&)
 .text._ZN14USBDeviceClass6initEPEmm
                0x0000460c      0x10c C:\Users\andre\AppData\Local\Temp\VMBuilds\Weater-station\nano_33_iot\Debug/core.a(USBCore.cpp.o)
                0x0000460c                USBDeviceClass::initEP(unsigned long, unsigned long)
 .text._ZN14USBDeviceClass13initEndpointsEv
                0x00004718       0x24 C:\Users\andre\AppData\Local\Temp\VMBuilds\Weater-station\nano_33_iot\Debug/core.a(USBCore.cpp.o)
                0x00004718                USBDeviceClass::initEndpoints()
 .text._ZN14USBDeviceClass5clearEm
                0x0000473c       0x38 C:\Users\andre\AppData\Local\Temp\VMBuilds\Weater-station\nano_33_iot\Debug/core.a(USBCore.cpp.o)
                0x0000473c                USBDeviceClass::clear(unsigned long)
 .text._ZN14USBDeviceClass9availableEm
                0x00004774       0x2c C:\Users\andre\AppData\Local\Temp\VMBuilds\Weater-station\nano_33_iot\Debug/core.a(USBCore.cpp.o)
                0x00004774                USBDeviceClass::available(unsigned long)
 .text._ZN14USBDeviceClass5flushEm
                0x000047a0       0x2c C:\Users\andre\AppData\Local\Temp\VMBuilds\Weater-station\nano_33_iot\Debug/core.a(USBCore.cpp.o)
                0x000047a0                USBDeviceClass::flush(unsigned long)
 .text._ZN14USBDeviceClass4recvEmPvm
                0x000047cc       0xc0 C:\Users\andre\AppData\Local\Temp\VMBuilds\Weater-station\nano_33_iot\Debug/core.a(USBCore.cpp.o)
                0x000047cc                USBDeviceClass::recv(unsigned long, void*, unsigned long)
 .text._ZN14USBDeviceClass4recvEm
                0x0000488c       0x1c C:\Users\andre\AppData\Local\Temp\VMBuilds\Weater-station\nano_33_iot\Debug/core.a(USBCore.cpp.o)
                0x0000488c                USBDeviceClass::recv(unsigned long)
 .text._ZN14USBDeviceClass14armRecvCtrlOUTEm
                0x000048a8       0x5c C:\Users\andre\AppData\Local\Temp\VMBuilds\Weater-station\nano_33_iot\Debug/core.a(USBCore.cpp.o)
                0x000048a8                USBDeviceClass::armRecvCtrlOUT(unsigned long)
 .text._ZN14USBDeviceClass11recvControlEPvm
                0x00004904       0x28 C:\Users\andre\AppData\Local\Temp\VMBuilds\Weater-station\nano_33_iot\Debug/core.a(USBCore.cpp.o)
                0x00004904                USBDeviceClass::recvControl(void*, unsigned long)
 .text._ZN14USBDeviceClass4sendEmPKvm
                0x0000492c      0x10c C:\Users\andre\AppData\Local\Temp\VMBuilds\Weater-station\nano_33_iot\Debug/core.a(USBCore.cpp.o)
                0x0000492c                USBDeviceClass::send(unsigned long, void const*, unsigned long)
 .text._ZN14USBDeviceClass7armSendEmPKvm
                0x00004a38       0x48 C:\Users\andre\AppData\Local\Temp\VMBuilds\Weater-station\nano_33_iot\Debug/core.a(USBCore.cpp.o)
                0x00004a38                USBDeviceClass::armSend(unsigned long, void const*, unsigned long)
 .text._ZN14USBDeviceClass11sendControlEPKvm
                0x00004a80       0x54 C:\Users\andre\AppData\Local\Temp\VMBuilds\Weater-station\nano_33_iot\Debug/core.a(USBCore.cpp.o)
                0x00004a80                USBDeviceClass::sendControl(void const*, unsigned long)
 .text._ZN14USBDeviceClass20sendStringDescriptorEPKhm
                0x00004ad4       0x64 C:\Users\andre\AppData\Local\Temp\VMBuilds\Weater-station\nano_33_iot\Debug/core.a(USBCore.cpp.o)
                0x00004ad4                USBDeviceClass::sendStringDescriptor(unsigned char const*, unsigned long)
 .text._ZN14USBDeviceClass17sendConfigurationEm
                0x00004b38       0x80 C:\Users\andre\AppData\Local\Temp\VMBuilds\Weater-station\nano_33_iot\Debug/core.a(USBCore.cpp.o)
                0x00004b38                USBDeviceClass::sendConfiguration(unsigned long)
 .text._ZN14USBDeviceClass14sendDescriptorERN7arduino8USBSetupE
                0x00004bb8       0xd8 C:\Users\andre\AppData\Local\Temp\VMBuilds\Weater-station\nano_33_iot\Debug/core.a(USBCore.cpp.o)
                0x00004bb8                USBDeviceClass::sendDescriptor(arduino::USBSetup&)
 .text._ZN14USBDeviceClass7sendZlpEm
                0x00004c90       0x18 C:\Users\andre\AppData\Local\Temp\VMBuilds\Weater-station\nano_33_iot\Debug/core.a(USBCore.cpp.o)
                0x00004c90                USBDeviceClass::sendZlp(unsigned long)
 .text._ZN14USBDeviceClass19handleStandardSetupERN7arduino8USBSetupE
                0x00004ca8       0xf0 C:\Users\andre\AppData\Local\Temp\VMBuilds\Weater-station\nano_33_iot\Debug/core.a(USBCore.cpp.o)
                0x00004ca8                USBDeviceClass::handleStandardSetup(arduino::USBSetup&)
 .text._ZN14USBDeviceClass10ISRHandlerEv
                0x00004d98      0x108 C:\Users\andre\AppData\Local\Temp\VMBuilds\Weater-station\nano_33_iot\Debug/core.a(USBCore.cpp.o)
                0x00004d98                USBDeviceClass::ISRHandler()
 .text.UDD_Handler
                0x00004ea0       0x10 C:\Users\andre\AppData\Local\Temp\VMBuilds\Weater-station\nano_33_iot\Debug/core.a(USBCore.cpp.o)
                0x00004ea0                UDD_Handler
 .text._ZN7arduino13PluggableUSB_C2Ev
                0x00004eb0       0x10 C:\Users\andre\AppData\Local\Temp\VMBuilds\Weater-station\nano_33_iot\Debug/core.a(USBCore.cpp.o)
                0x00004eb0                arduino::PluggableUSB_::PluggableUSB_()
                0x00004eb0                arduino::PluggableUSB_::PluggableUSB_()
 .text._Z8epBufferj
                0x00004ec0        0xc C:\Users\andre\AppData\Local\Temp\VMBuilds\Weater-station\nano_33_iot\Debug/core.a(USBCore.cpp.o)
                0x00004ec0                epBuffer(unsigned int)
 .text._ZN7arduino11RingBufferNILi64EE10store_charEh
                0x00004ecc       0x1c C:\Users\andre\AppData\Local\Temp\VMBuilds\Weater-station\nano_33_iot\Debug/core.a(USBCore.cpp.o)
                0x00004ecc                arduino::RingBufferN<64>::store_char(unsigned char)
 .text._ZN26DoubleBufferedEPOutHandler5_recvEv
                0x00004ee8      0x15e C:\Users\andre\AppData\Local\Temp\VMBuilds\Weater-station\nano_33_iot\Debug/core.a(USBCore.cpp.o)
                0x00004ee8                DoubleBufferedEPOutHandler::_recv()
 .text._ZN26DoubleBufferedEPOutHandler9availableEv
                0x00005046        0xc C:\Users\andre\AppData\Local\Temp\VMBuilds\Weater-station\nano_33_iot\Debug/core.a(USBCore.cpp.o)
                0x00005046                DoubleBufferedEPOutHandler::available()
 .text._ZN26DoubleBufferedEPOutHandler4peekEv
                0x00005052       0x1c C:\Users\andre\AppData\Local\Temp\VMBuilds\Weater-station\nano_33_iot\Debug/core.a(USBCore.cpp.o)
                0x00005052                DoubleBufferedEPOutHandler::peek()
 .text._ZN26DoubleBufferedEPOutHandler4recvEPvm
                0x0000506e       0x60 C:\Users\andre\AppData\Local\Temp\VMBuilds\Weater-station\nano_33_iot\Debug/core.a(USBCore.cpp.o)
                0x0000506e                DoubleBufferedEPOutHandler::recv(void*, unsigned long)
 *fill*         0x000050ce        0x2 
 .text.startup._GLOBAL__sub_I_usbd
                0x000050d0       0x10 C:\Users\andre\AppData\Local\Temp\VMBuilds\Weater-station\nano_33_iot\Debug/core.a(USBCore.cpp.o)
 .text._Znwj    0x000050e0        0x8 C:\Users\andre\AppData\Local\Temp\VMBuilds\Weater-station\nano_33_iot\Debug/core.a(new.cpp.o)
                0x000050e0                operator new(unsigned int)
 .text._ZdlPv   0x000050e8        0x8 C:\Users\andre\AppData\Local\Temp\VMBuilds\Weater-station\nano_33_iot\Debug/core.a(new.cpp.o)
                0x000050e8                operator delete(void*)
 .text._ZN7arduino13PluggableUSB_12getInterfaceEPh
                0x000050f0       0x28 C:\Users\andre\AppData\Local\Temp\VMBuilds\Weater-station\nano_33_iot\Debug/core.a(PluggableUSB.cpp.o)
                0x000050f0                arduino::PluggableUSB_::getInterface(unsigned char*)
 .text._ZN7arduino13PluggableUSB_13getDescriptorERNS_8USBSetupE
                0x00005118       0x20 C:\Users\andre\AppData\Local\Temp\VMBuilds\Weater-station\nano_33_iot\Debug/core.a(PluggableUSB.cpp.o)
                0x00005118                arduino::PluggableUSB_::getDescriptor(arduino::USBSetup&)
 .text._ZN7arduino13PluggableUSB_12getShortNameEPc
                0x00005138       0x1e C:\Users\andre\AppData\Local\Temp\VMBuilds\Weater-station\nano_33_iot\Debug/core.a(PluggableUSB.cpp.o)
                0x00005138                arduino::PluggableUSB_::getShortName(char*)
 .text._ZN7arduino13PluggableUSB_5setupERNS_8USBSetupE
                0x00005156       0x20 C:\Users\andre\AppData\Local\Temp\VMBuilds\Weater-station\nano_33_iot\Debug/core.a(PluggableUSB.cpp.o)
                0x00005156                arduino::PluggableUSB_::setup(arduino::USBSetup&)
 .text._ZN7arduino13PluggableUSB_4plugEPNS_18PluggableUSBModuleE
                0x00005176       0x5c C:\Users\andre\AppData\Local\Temp\VMBuilds\Weater-station\nano_33_iot\Debug/core.a(PluggableUSB.cpp.o)
                0x00005176                arduino::PluggableUSB_::plug(arduino::PluggableUSBModule*)
 *fill*         0x000051d2        0x2 
 .text._Z12PluggableUSBv
                0x000051d4       0x24 C:\Users\andre\AppData\Local\Temp\VMBuilds\Weater-station\nano_33_iot\Debug/core.a(PluggableUSB.cpp.o)
                0x000051d4                PluggableUSB()
 .text          0x000051f8       0x14 c:/users/andre/appdata/local/arduino15/packages/arduino/tools/arm-none-eabi-gcc/7-2017q4/bin/../lib/gcc/arm-none-eabi/7.2.1/thumb/v6-m\libgcc.a(_thumb1_case_uqi.o)
                0x000051f8                __gnu_thumb1_case_uqi
 .text          0x0000520c      0x114 c:/users/andre/appdata/local/arduino15/packages/arduino/tools/arm-none-eabi-gcc/7-2017q4/bin/../lib/gcc/arm-none-eabi/7.2.1/thumb/v6-m\libgcc.a(_udivsi3.o)
                0x0000520c                __aeabi_uidiv
                0x0000520c                __udivsi3
                0x00005318                __aeabi_uidivmod
 .text          0x00005320        0x4 c:/users/andre/appdata/local/arduino15/packages/arduino/tools/arm-none-eabi-gcc/7-2017q4/bin/../lib/gcc/arm-none-eabi/7.2.1/thumb/v6-m\libgcc.a(_dvmd_tls.o)
                0x00005320                __aeabi_idiv0
                0x00005320                __aeabi_ldiv0
 .text          0x00005324       0x7c c:/users/andre/appdata/local/arduino15/packages/arduino/tools/arm-none-eabi-gcc/7-2017q4/bin/../lib/gcc/arm-none-eabi/7.2.1/thumb/v6-m\libgcc.a(_arm_cmpdf2.o)
                0x00005324                __aeabi_cdrcmple
                0x00005334                __aeabi_cdcmple
                0x00005334                __aeabi_cdcmpeq
                0x00005344                __aeabi_dcmpeq
                0x00005350                __aeabi_dcmplt
                0x00005364                __aeabi_dcmple
                0x00005378                __aeabi_dcmpgt
                0x0000538c                __aeabi_dcmpge
 .text          0x000053a0       0x3c c:/users/andre/appdata/local/arduino15/packages/arduino/tools/arm-none-eabi-gcc/7-2017q4/bin/../lib/gcc/arm-none-eabi/7.2.1/thumb/v6-m\libgcc.a(_fixunsdfsi.o)
                0x000053a0                __aeabi_d2uiz
                0x000053a0                __fixunsdfsi
 .text          0x000053dc      0x224 c:/users/andre/appdata/local/arduino15/packages/arduino/tools/arm-none-eabi-gcc/7-2017q4/bin/../lib/gcc/arm-none-eabi/7.2.1/thumb/v6-m\libgcc.a(divsf3.o)
                0x000053dc                __aeabi_fdiv
 .text          0x00005600       0x94 c:/users/andre/appdata/local/arduino15/packages/arduino/tools/arm-none-eabi-gcc/7-2017q4/bin/../lib/gcc/arm-none-eabi/7.2.1/thumb/v6-m\libgcc.a(floatsisf.o)
                0x00005600                __aeabi_i2f
 .text          0x00005694       0x80 c:/users/andre/appdata/local/arduino15/packages/arduino/tools/arm-none-eabi-gcc/7-2017q4/bin/../lib/gcc/arm-none-eabi/7.2.1/thumb/v6-m\libgcc.a(floatunsisf.o)
                0x00005694                __aeabi_ui2f
 .text          0x00005714      0x638 c:/users/andre/appdata/local/arduino15/packages/arduino/tools/arm-none-eabi-gcc/7-2017q4/bin/../lib/gcc/arm-none-eabi/7.2.1/thumb/v6-m\libgcc.a(adddf3.o)
                0x00005714                __aeabi_dadd
 .text          0x00005d4c      0x604 c:/users/andre/appdata/local/arduino15/packages/arduino/tools/arm-none-eabi-gcc/7-2017q4/bin/../lib/gcc/arm-none-eabi/7.2.1/thumb/v6-m\libgcc.a(divdf3.o)
                0x00005d4c                __aeabi_ddiv
 .text          0x00006350       0x78 c:/users/andre/appdata/local/arduino15/packages/arduino/tools/arm-none-eabi-gcc/7-2017q4/bin/../lib/gcc/arm-none-eabi/7.2.1/thumb/v6-m\libgcc.a(eqdf2.o)
                0x00006350                __nedf2
                0x00006350                __eqdf2
 .text          0x000063c8       0xc8 c:/users/andre/appdata/local/arduino15/packages/arduino/tools/arm-none-eabi-gcc/7-2017q4/bin/../lib/gcc/arm-none-eabi/7.2.1/thumb/v6-m\libgcc.a(gedf2.o)
                0x000063c8                __gedf2
                0x000063c8                __gtdf2
 .text          0x00006490       0xd0 c:/users/andre/appdata/local/arduino15/packages/arduino/tools/arm-none-eabi-gcc/7-2017q4/bin/../lib/gcc/arm-none-eabi/7.2.1/thumb/v6-m\libgcc.a(ledf2.o)
                0x00006490                __ledf2
                0x00006490                __ltdf2
 .text          0x00006560      0x4e4 c:/users/andre/appdata/local/arduino15/packages/arduino/tools/arm-none-eabi-gcc/7-2017q4/bin/../lib/gcc/arm-none-eabi/7.2.1/thumb/v6-m\libgcc.a(muldf3.o)
                0x00006560                __aeabi_dmul
 .text          0x00006a44      0x690 c:/users/andre/appdata/local/arduino15/packages/arduino/tools/arm-none-eabi-gcc/7-2017q4/bin/../lib/gcc/arm-none-eabi/7.2.1/thumb/v6-m\libgcc.a(subdf3.o)
                0x00006a44                __aeabi_dsub
 .text          0x000070d4       0x38 c:/users/andre/appdata/local/arduino15/packages/arduino/tools/arm-none-eabi-gcc/7-2017q4/bin/../lib/gcc/arm-none-eabi/7.2.1/thumb/v6-m\libgcc.a(unorddf2.o)
                0x000070d4                __aeabi_dcmpun
 .text          0x0000710c       0x6c c:/users/andre/appdata/local/arduino15/packages/arduino/tools/arm-none-eabi-gcc/7-2017q4/bin/../lib/gcc/arm-none-eabi/7.2.1/thumb/v6-m\libgcc.a(fixdfsi.o)
                0x0000710c                __aeabi_d2iz
 .text          0x00007178       0x64 c:/users/andre/appdata/local/arduino15/packages/arduino/tools/arm-none-eabi-gcc/7-2017q4/bin/../lib/gcc/arm-none-eabi/7.2.1/thumb/v6-m\libgcc.a(floatunsidf.o)
                0x00007178                __aeabi_ui2d
 .text          0x000071dc       0xa4 c:/users/andre/appdata/local/arduino15/packages/arduino/tools/arm-none-eabi-gcc/7-2017q4/bin/../lib/gcc/arm-none-eabi/7.2.1/thumb/v6-m\libgcc.a(extendsfdf2.o)
                0x000071dc                __aeabi_f2d
 .text          0x00007280       0x3c c:/users/andre/appdata/local/arduino15/packages/arduino/tools/arm-none-eabi-gcc/7-2017q4/bin/../lib/gcc/arm-none-eabi/7.2.1/thumb/v6-m\libgcc.a(_clzsi2.o)
                0x00007280                __clzsi2
 .text.__libc_init_array
                0x000072bc       0x48 c:/users/andre/appdata/local/arduino15/packages/arduino/tools/arm-none-eabi-gcc/7-2017q4/bin/../lib/gcc/arm-none-eabi/7.2.1/../../../../arm-none-eabi/lib/thumb/v6-m\libc_nano.a(lib_a-init.o)
                0x000072bc                __libc_init_array
 .text.malloc   0x00007304       0x14 c:/users/andre/appdata/local/arduino15/packages/arduino/tools/arm-none-eabi-gcc/7-2017q4/bin/../lib/gcc/arm-none-eabi/7.2.1/../../../../arm-none-eabi/lib/thumb/v6-m\libc_nano.a(lib_a-malloc.o)
                0x00007304                malloc
 .text.free     0x00007318       0x14 c:/users/andre/appdata/local/arduino15/packages/arduino/tools/arm-none-eabi-gcc/7-2017q4/bin/../lib/gcc/arm-none-eabi/7.2.1/../../../../arm-none-eabi/lib/thumb/v6-m\libc_nano.a(lib_a-malloc.o)
                0x00007318                free
 .text.memcpy   0x0000732c       0x12 c:/users/andre/appdata/local/arduino15/packages/arduino/tools/arm-none-eabi-gcc/7-2017q4/bin/../lib/gcc/arm-none-eabi/7.2.1/../../../../arm-none-eabi/lib/thumb/v6-m\libc_nano.a(lib_a-memcpy-stub.o)
                0x0000732c                memcpy
 .text.memset   0x0000733e       0x10 c:/users/andre/appdata/local/arduino15/packages/arduino/tools/arm-none-eabi-gcc/7-2017q4/bin/../lib/gcc/arm-none-eabi/7.2.1/../../../../arm-none-eabi/lib/thumb/v6-m\libc_nano.a(lib_a-memset.o)
                0x0000733e                memset
 *fill*         0x0000734e        0x2 
 .text._free_r  0x00007350       0x94 c:/users/andre/appdata/local/arduino15/packages/arduino/tools/arm-none-eabi-gcc/7-2017q4/bin/../lib/gcc/arm-none-eabi/7.2.1/../../../../arm-none-eabi/lib/thumb/v6-m\libc_nano.a(lib_a-nano-freer.o)
                0x00007350                _free_r
 .text._malloc_r
                0x000073e4       0xbc c:/users/andre/appdata/local/arduino15/packages/arduino/tools/arm-none-eabi-gcc/7-2017q4/bin/../lib/gcc/arm-none-eabi/7.2.1/../../../../arm-none-eabi/lib/thumb/v6-m\libc_nano.a(lib_a-nano-mallocr.o)
                0x000073e4                _malloc_r
 .text._sbrk_r  0x000074a0       0x24 c:/users/andre/appdata/local/arduino15/packages/arduino/tools/arm-none-eabi-gcc/7-2017q4/bin/../lib/gcc/arm-none-eabi/7.2.1/../../../../arm-none-eabi/lib/thumb/v6-m\libc_nano.a(lib_a-sbrkr.o)
                0x000074a0                _sbrk_r
 .text          0x000074c4        0xe c:/users/andre/appdata/local/arduino15/packages/arduino/tools/arm-none-eabi-gcc/7-2017q4/bin/../lib/gcc/arm-none-eabi/7.2.1/../../../../arm-none-eabi/lib/thumb/v6-m\libc_nano.a(lib_a-strlen.o)
                0x000074c4                strlen
 .text.__malloc_lock
                0x000074d2        0x2 c:/users/andre/appdata/local/arduino15/packages/arduino/tools/arm-none-eabi-gcc/7-2017q4/bin/../lib/gcc/arm-none-eabi/7.2.1/../../../../arm-none-eabi/lib/thumb/v6-m\libc_nano.a(lib_a-mlock.o)
                0x000074d2                __malloc_lock
 .text.__malloc_unlock
                0x000074d4        0x2 c:/users/andre/appdata/local/arduino15/packages/arduino/tools/arm-none-eabi-gcc/7-2017q4/bin/../lib/gcc/arm-none-eabi/7.2.1/../../../../arm-none-eabi/lib/thumb/v6-m\libc_nano.a(lib_a-mlock.o)
                0x000074d4                __malloc_unlock
 *fill*         0x000074d6        0x2 
 .text._sbrk    0x000074d8       0x1c c:/users/andre/appdata/local/arduino15/packages/arduino/tools/arm-none-eabi-gcc/7-2017q4/bin/../lib/gcc/arm-none-eabi/7.2.1/../../../../arm-none-eabi/lib/thumb/v6-m\libnosys.a(sbrk.o)
                0x000074d8                _sbrk
 *(.init)
 .init          0x000074f4        0x4 c:/users/andre/appdata/local/arduino15/packages/arduino/tools/arm-none-eabi-gcc/7-2017q4/bin/../lib/gcc/arm-none-eabi/7.2.1/thumb/v6-m/crti.o
                0x000074f4                _init
 .init          0x000074f8        0x8 c:/users/andre/appdata/local/arduino15/packages/arduino/tools/arm-none-eabi-gcc/7-2017q4/bin/../lib/gcc/arm-none-eabi/7.2.1/thumb/v6-m/crtn.o
 *(.fini)
 .fini          0x00007500        0x4 c:/users/andre/appdata/local/arduino15/packages/arduino/tools/arm-none-eabi-gcc/7-2017q4/bin/../lib/gcc/arm-none-eabi/7.2.1/thumb/v6-m/crti.o
                0x00007500                _fini
 .fini          0x00007504        0x8 c:/users/andre/appdata/local/arduino15/packages/arduino/tools/arm-none-eabi-gcc/7-2017q4/bin/../lib/gcc/arm-none-eabi/7.2.1/thumb/v6-m/crtn.o
 *crtbegin.o(.ctors)
 *crtbegin?.o(.ctors)
 *(EXCLUDE_FILE(*crtend.o *crtend?.o) .ctors)
 *(SORT_BY_NAME(.ctors.*))
 *(.ctors)
 *crtbegin.o(.dtors)
 *crtbegin?.o(.dtors)
 *(EXCLUDE_FILE(*crtend.o *crtend?.o) .dtors)
 *(SORT_BY_NAME(.dtors.*))
 *(.dtors)
 *(.rodata*)
 .rodata._Z13modbusRequesth.str1.1
                0x0000750c       0x3d Weater-station.cpp.o
 .rodata._Z18getModbusErrorInfoh.str1.1
                0x00007549       0xe8 Weater-station.cpp.o
 .rodata._Z18overturningCounterv.str1.1
                0x00007631       0x21 Weater-station.cpp.o
 .rodata._Z22getActualWindDirectionh.str1.1
                0x00007652       0x80 Weater-station.cpp.o
                                 0xad (size before relaxing)
 .rodata._Z9printDatah.str1.1
                0x000076d2       0xd2 Weater-station.cpp.o
 .rodata.setup.str1.1
                0x000077a4       0x4c Weater-station.cpp.o
 .rodata.g_APinDescription
                0x000077f0      0x318 C:\Users\andre\AppData\Local\Temp\VMBCore\arduino16x\1d093a4fd5180871f6b3e04a4d64df6f\variant\variant.cpp.o
                0x000077f0                g_APinDescription
 .rodata._ZTV4Uart
                0x00007b08       0x34 C:\Users\andre\AppData\Local\Temp\VMBuilds\Weater-station\nano_33_iot\Debug/core.a(Uart.cpp.o)
                0x00007b08                vtable for Uart
 .rodata._ZN7arduino5Print10printFloatEdi.str1.1
                0x00007b3c        0xc C:\Users\andre\AppData\Local\Temp\VMBuilds\Weater-station\nano_33_iot\Debug/core.a(Print.cpp.o)
                                  0xe (size before relaxing)
 .rodata._ZN7arduino5Print7printlnEv.str1.1
                0x00007b48        0x3 C:\Users\andre\AppData\Local\Temp\VMBuilds\Weater-station\nano_33_iot\Debug/core.a(Print.cpp.o)
 *fill*         0x00007b4b        0x1 
 .rodata._ZTV7Serial_
                0x00007b4c       0x50 C:\Users\andre\AppData\Local\Temp\VMBuilds\Weater-station\nano_33_iot\Debug/core.a(CDC.cpp.o)
                0x00007b4c                vtable for Serial_
 .rodata._ZTV26DoubleBufferedEPOutHandler
                0x00007b9c       0x24 C:\Users\andre\AppData\Local\Temp\VMBuilds\Weater-station\nano_33_iot\Debug/core.a(USBCore.cpp.o)
                0x00007b9c                vtable for DoubleBufferedEPOutHandler
 .rodata._ZL14STRING_PRODUCT
                0x00007bc0       0x14 C:\Users\andre\AppData\Local\Temp\VMBuilds\Weater-station\nano_33_iot\Debug/core.a(USBCore.cpp.o)
 .rodata._ZL15STRING_LANGUAGE
                0x00007bd4        0x4 C:\Users\andre\AppData\Local\Temp\VMBuilds\Weater-station\nano_33_iot\Debug/core.a(USBCore.cpp.o)
 .rodata._ZL19STRING_MANUFACTURER
                0x00007bd8        0xc C:\Users\andre\AppData\Local\Temp\VMBuilds\Weater-station\nano_33_iot\Debug/core.a(USBCore.cpp.o)
 .rodata._ZL21USB_DeviceDescriptorB
                0x00007be4       0x12 C:\Users\andre\AppData\Local\Temp\VMBuilds\Weater-station\nano_33_iot\Debug/core.a(USBCore.cpp.o)
 *fill*         0x00007bf6        0x2 
 .rodata        0x00007bf8       0x80 c:/users/andre/appdata/local/arduino15/packages/arduino/tools/arm-none-eabi-gcc/7-2017q4/bin/../lib/gcc/arm-none-eabi/7.2.1/thumb/v6-m\libgcc.a(divsf3.o)
 .rodata        0x00007c78       0x40 c:/users/andre/appdata/local/arduino15/packages/arduino/tools/arm-none-eabi-gcc/7-2017q4/bin/../lib/gcc/arm-none-eabi/7.2.1/thumb/v6-m\libgcc.a(divdf3.o)
 .rodata        0x00007cb8       0x40 c:/users/andre/appdata/local/arduino15/packages/arduino/tools/arm-none-eabi-gcc/7-2017q4/bin/../lib/gcc/arm-none-eabi/7.2.1/thumb/v6-m\libgcc.a(muldf3.o)
 *(.eh_frame*)
 .eh_frame      0x00007cf8        0x0 c:/users/andre/appdata/local/arduino15/packages/arduino/tools/arm-none-eabi-gcc/7-2017q4/bin/../lib/gcc/arm-none-eabi/7.2.1/thumb/v6-m/crtbegin.o
 .eh_frame      0x00007cf8        0x4 c:/users/andre/appdata/local/arduino15/packages/arduino/tools/arm-none-eabi-gcc/7-2017q4/bin/../lib/gcc/arm-none-eabi/7.2.1/thumb/v6-m/crtend.o

.glue_7         0x00007cfc        0x0
 .glue_7        0x00007cfc        0x0 linker stubs

.glue_7t        0x00007cfc        0x0
 .glue_7t       0x00007cfc        0x0 linker stubs

.vfp11_veneer   0x00007cfc        0x0
 .vfp11_veneer  0x00007cfc        0x0 linker stubs

.v4_bx          0x00007cfc        0x0
 .v4_bx         0x00007cfc        0x0 linker stubs

.iplt           0x00007cfc        0x0
 .iplt          0x00007cfc        0x0 c:/users/andre/appdata/local/arduino15/packages/arduino/tools/arm-none-eabi-gcc/7-2017q4/bin/../lib/gcc/arm-none-eabi/7.2.1/thumb/v6-m/crtbegin.o

.rel.dyn        0x00007cfc        0x0
 .rel.iplt      0x00007cfc        0x0 c:/users/andre/appdata/local/arduino15/packages/arduino/tools/arm-none-eabi-gcc/7-2017q4/bin/../lib/gcc/arm-none-eabi/7.2.1/thumb/v6-m/crtbegin.o

.ARM.extab
 *(.ARM.extab* .gnu.linkonce.armextab.*)
                0x00007cfc                __exidx_start = .

.ARM.exidx
 *(.ARM.exidx* .gnu.linkonce.armexidx.*)
                0x00007cfc                __exidx_end = .
                0x00007cfc                __etext = .

.data           0x20000000       0x9c load address 0x00007cfc
                0x20000000                __data_start__ = .
 *(vtable)
 *(.data*)
 .data.softwareVersion
                0x20000000        0x8 Weater-station.cpp.o
                0x20000000                softwareVersion
 .data.SystemCoreClock
                0x20000008        0x4 C:\Users\andre\AppData\Local\Temp\VMBuilds\Weater-station\nano_33_iot\Debug/core.a(wiring.c.o)
                0x20000008                SystemCoreClock
 .data._ZL5ticks
                0x2000000c        0x4 C:\Users\andre\AppData\Local\Temp\VMBuilds\Weater-station\nano_33_iot\Debug/core.a(Reset.cpp.o)
 .data._ZL10breakValue
                0x20000010        0x4 C:\Users\andre\AppData\Local\Temp\VMBuilds\Weater-station\nano_33_iot\Debug/core.a(CDC.cpp.o)
 .data._ZL12_usbLineInfo
                0x20000014        0x8 C:\Users\andre\AppData\Local\Temp\VMBuilds\Weater-station\nano_33_iot\Debug/core.a(CDC.cpp.o)
 .data._serialPeek
                0x2000001c        0x4 C:\Users\andre\AppData\Local\Temp\VMBuilds\Weater-station\nano_33_iot\Debug/core.a(CDC.cpp.o)
                0x2000001c                _serialPeek
 .data._impure_ptr
                0x20000020        0x4 c:/users/andre/appdata/local/arduino15/packages/arduino/tools/arm-none-eabi-gcc/7-2017q4/bin/../lib/gcc/arm-none-eabi/7.2.1/../../../../arm-none-eabi/lib/thumb/v6-m\libc_nano.a(lib_a-impure.o)
                0x20000020                _impure_ptr
 .data.impure_data
                0x20000024       0x60 c:/users/andre/appdata/local/arduino15/packages/arduino/tools/arm-none-eabi-gcc/7-2017q4/bin/../lib/gcc/arm-none-eabi/7.2.1/../../../../arm-none-eabi/lib/thumb/v6-m\libc_nano.a(lib_a-impure.o)
                0x20000084                . = ALIGN (0x4)
                0x20000084                PROVIDE (__preinit_array_start, .)
 *(.preinit_array)
                0x20000084                PROVIDE (__preinit_array_end, .)
                0x20000084                . = ALIGN (0x4)
                0x20000084                PROVIDE (__init_array_start, .)
 *(SORT_BY_NAME(.init_array.*))
 *(.init_array)
 .init_array    0x20000084        0x4 c:/users/andre/appdata/local/arduino15/packages/arduino/tools/arm-none-eabi-gcc/7-2017q4/bin/../lib/gcc/arm-none-eabi/7.2.1/thumb/v6-m/crtbegin.o
 .init_array    0x20000088        0x4 Weater-station.cpp.o
 .init_array    0x2000008c        0x4 C:\Users\andre\AppData\Local\Temp\VMBCore\arduino16x\1d093a4fd5180871f6b3e04a4d64df6f\variant\variant.cpp.o
 .init_array    0x20000090        0x4 C:\Users\andre\AppData\Local\Temp\VMBuilds\Weater-station\nano_33_iot\Debug/core.a(CDC.cpp.o)
 .init_array    0x20000094        0x4 C:\Users\andre\AppData\Local\Temp\VMBuilds\Weater-station\nano_33_iot\Debug/core.a(USBCore.cpp.o)
                0x20000098                PROVIDE (__init_array_end, .)
                0x20000098                . = ALIGN (0x4)
                [!provide]                PROVIDE (__fini_array_start, .)
 *(SORT_BY_NAME(.fini_array.*))
 *(.fini_array)
 .fini_array    0x20000098        0x4 c:/users/andre/appdata/local/arduino15/packages/arduino/tools/arm-none-eabi-gcc/7-2017q4/bin/../lib/gcc/arm-none-eabi/7.2.1/thumb/v6-m/crtbegin.o
                [!provide]                PROVIDE (__fini_array_end, .)
 *(.jcr*)
                0x2000009c                . = ALIGN (0x4)
                0x2000009c                __data_end__ = .

.igot.plt       0x2000009c        0x0 load address 0x00007d98
 .igot.plt      0x2000009c        0x0 c:/users/andre/appdata/local/arduino15/packages/arduino/tools/arm-none-eabi-gcc/7-2017q4/bin/../lib/gcc/arm-none-eabi/7.2.1/thumb/v6-m/crtbegin.o

.bss            0x2000009c      0xa30 load address 0x00007d98
                0x2000009c                . = ALIGN (0x4)
                0x2000009c                __bss_start__ = .
 *(.bss*)
 .bss           0x2000009c       0x1c c:/users/andre/appdata/local/arduino15/packages/arduino/tools/arm-none-eabi-gcc/7-2017q4/bin/../lib/gcc/arm-none-eabi/7.2.1/thumb/v6-m/crtbegin.o
 .bss.Anemometer
                0x200000b8        0x4 Weater-station.cpp.o
                0x200000b8                Anemometer
 .bss.BME280Modbus
                0x200000bc       0x12 Weater-station.cpp.o
                0x200000bc                BME280Modbus
 *fill*         0x200000ce        0x2 
 .bss.Master_RTU
                0x200000d0      0x12c Weater-station.cpp.o
                0x200000d0                Master_RTU
 .bss.WindVane  0x200001fc        0x4 Weater-station.cpp.o
                0x200001fc                WindVane
 .bss.diRainGaugeSwitch
                0x20000200        0x1 Weater-station.cpp.o
                0x20000200                diRainGaugeSwitch
 .bss.doRunState
                0x20000201        0x1 Weater-station.cpp.o
                0x20000201                doRunState
 *fill*         0x20000202        0x2 
 .bss.millisAtLoopBegin
                0x20000204        0x4 Weater-station.cpp.o
                0x20000204                millisAtLoopBegin
 .bss.overturning
                0x20000208        0x1 Weater-station.cpp.o
                0x20000208                overturning
 *fill*         0x20000209        0x1 
 .bss.overturningCnt
                0x2000020a        0x2 Weater-station.cpp.o
                0x2000020a                overturningCnt
 .bss.serialBusy
                0x2000020c        0x1 Weater-station.cpp.o
                0x2000020c                serialBusy
 .bss.slaveCfg  0x2000020d        0xf Weater-station.cpp.o
                0x2000020d                slaveCfg
 .bss.taskCounter
                0x2000021c        0xc Weater-station.cpp.o
                0x2000021c                taskCounter
 .bss.Serial1   0x20000228       0xc4 C:\Users\andre\AppData\Local\Temp\VMBCore\arduino16x\1d093a4fd5180871f6b3e04a4d64df6f\variant\variant.cpp.o
                0x20000228                Serial1
 .bss.Serial2   0x200002ec       0xc4 C:\Users\andre\AppData\Local\Temp\VMBCore\arduino16x\1d093a4fd5180871f6b3e04a4d64df6f\variant\variant.cpp.o
                0x200002ec                Serial2
 .bss.SerialHCI
                0x200003b0       0xc4 C:\Users\andre\AppData\Local\Temp\VMBCore\arduino16x\1d093a4fd5180871f6b3e04a4d64df6f\variant\variant.cpp.o
                0x200003b0                SerialHCI
 .bss.sercom0   0x20000474        0x4 C:\Users\andre\AppData\Local\Temp\VMBCore\arduino16x\1d093a4fd5180871f6b3e04a4d64df6f\variant\variant.cpp.o
                0x20000474                sercom0
 .bss.sercom1   0x20000478        0x4 C:\Users\andre\AppData\Local\Temp\VMBCore\arduino16x\1d093a4fd5180871f6b3e04a4d64df6f\variant\variant.cpp.o
                0x20000478                sercom1
 .bss.sercom2   0x2000047c        0x4 C:\Users\andre\AppData\Local\Temp\VMBCore\arduino16x\1d093a4fd5180871f6b3e04a4d64df6f\variant\variant.cpp.o
                0x2000047c                sercom2
 .bss.sercom3   0x20000480        0x4 C:\Users\andre\AppData\Local\Temp\VMBCore\arduino16x\1d093a4fd5180871f6b3e04a4d64df6f\variant\variant.cpp.o
                0x20000480                sercom3
 .bss.sercom4   0x20000484        0x4 C:\Users\andre\AppData\Local\Temp\VMBCore\arduino16x\1d093a4fd5180871f6b3e04a4d64df6f\variant\variant.cpp.o
                0x20000484                sercom4
 .bss.sercom5   0x20000488        0x4 C:\Users\andre\AppData\Local\Temp\VMBCore\arduino16x\1d093a4fd5180871f6b3e04a4d64df6f\variant\variant.cpp.o
                0x20000488                sercom5
 .bss.usb_isr   0x2000048c        0x4 C:\Users\andre\AppData\Local\Temp\VMBuilds\Weater-station\nano_33_iot\Debug/core.a(cortex_handlers.c.o)
 .bss._ulTickCount
                0x20000490        0x4 C:\Users\andre\AppData\Local\Temp\VMBuilds\Weater-station\nano_33_iot\Debug/core.a(delay.c.o)
 .bss.SerialUSB
                0x20000494       0x34 C:\Users\andre\AppData\Local\Temp\VMBuilds\Weater-station\nano_33_iot\Debug/core.a(CDC.cpp.o)
                0x20000494                SerialUSB
 .bss.EndPoints
                0x200004c8       0x28 C:\Users\andre\AppData\Local\Temp\VMBuilds\Weater-station\nano_33_iot\Debug/core.a(USBCore.cpp.o)
                0x200004c8                EndPoints
 .bss.USBDevice
                0x200004f0        0x1 C:\Users\andre\AppData\Local\Temp\VMBuilds\Weater-station\nano_33_iot\Debug/core.a(USBCore.cpp.o)
                0x200004f0                USBDevice
 *fill*         0x200004f1        0x3 
 .bss._ZL10epHandlers
                0x200004f4       0x1c C:\Users\andre\AppData\Local\Temp\VMBuilds\Weater-station\nano_33_iot\Debug/core.a(USBCore.cpp.o)
 .bss._ZL14isEndpointHalt
                0x20000510        0x1 C:\Users\andre\AppData\Local\Temp\VMBuilds\Weater-station\nano_33_iot\Debug/core.a(USBCore.cpp.o)
 .bss._ZL20LastTransmitTimedOut
                0x20000511        0x7 C:\Users\andre\AppData\Local\Temp\VMBuilds\Weater-station\nano_33_iot\Debug/core.a(USBCore.cpp.o)
 .bss._ZL21isRemoteWakeUpEnabled
                0x20000518        0x1 C:\Users\andre\AppData\Local\Temp\VMBuilds\Weater-station\nano_33_iot\Debug/core.a(USBCore.cpp.o)
 *fill*         0x20000519        0x3 
 .bss._ZL22udd_ep_in_cache_buffer
                0x2000051c      0x1c0 C:\Users\andre\AppData\Local\Temp\VMBuilds\Weater-station\nano_33_iot\Debug/core.a(USBCore.cpp.o)
 .bss._ZL23udd_ep_out_cache_buffer
                0x200006dc      0x1c0 C:\Users\andre\AppData\Local\Temp\VMBuilds\Weater-station\nano_33_iot\Debug/core.a(USBCore.cpp.o)
 .bss._dry_run  0x2000089c        0x1 C:\Users\andre\AppData\Local\Temp\VMBuilds\Weater-station\nano_33_iot\Debug/core.a(USBCore.cpp.o)
                0x2000089c                _dry_run
 .bss._pack_buffer
                0x2000089d      0x100 C:\Users\andre\AppData\Local\Temp\VMBuilds\Weater-station\nano_33_iot\Debug/core.a(USBCore.cpp.o)
                0x2000089d                _pack_buffer
 .bss._pack_message
                0x2000099d        0x1 C:\Users\andre\AppData\Local\Temp\VMBuilds\Weater-station\nano_33_iot\Debug/core.a(USBCore.cpp.o)
                0x2000099d                _pack_message
 .bss._pack_size
                0x2000099e        0x2 C:\Users\andre\AppData\Local\Temp\VMBuilds\Weater-station\nano_33_iot\Debug/core.a(USBCore.cpp.o)
                0x2000099e                _pack_size
 .bss._usbConfiguration
                0x200009a0        0x4 C:\Users\andre\AppData\Local\Temp\VMBuilds\Weater-station\nano_33_iot\Debug/core.a(USBCore.cpp.o)
                0x200009a0                _usbConfiguration
 .bss._usbSetInterface
                0x200009a4        0x4 C:\Users\andre\AppData\Local\Temp\VMBuilds\Weater-station\nano_33_iot\Debug/core.a(USBCore.cpp.o)
                0x200009a4                _usbSetInterface
 .bss.usbd      0x200009a8      0x104 C:\Users\andre\AppData\Local\Temp\VMBuilds\Weater-station\nano_33_iot\Debug/core.a(USBCore.cpp.o)
                0x200009a8                usbd
 .bss._ZGVZ12PluggableUSBvE3obj
                0x20000aac        0x4 C:\Users\andre\AppData\Local\Temp\VMBuilds\Weater-station\nano_33_iot\Debug/core.a(PluggableUSB.cpp.o)
 .bss._ZZ12PluggableUSBvE3obj
                0x20000ab0        0xc C:\Users\andre\AppData\Local\Temp\VMBuilds\Weater-station\nano_33_iot\Debug/core.a(PluggableUSB.cpp.o)
 .bss.__malloc_free_list
                0x20000abc        0x4 c:/users/andre/appdata/local/arduino15/packages/arduino/tools/arm-none-eabi-gcc/7-2017q4/bin/../lib/gcc/arm-none-eabi/7.2.1/../../../../arm-none-eabi/lib/thumb/v6-m\libc_nano.a(lib_a-nano-mallocr.o)
                0x20000abc                __malloc_free_list
 .bss.__malloc_sbrk_start
                0x20000ac0        0x4 c:/users/andre/appdata/local/arduino15/packages/arduino/tools/arm-none-eabi-gcc/7-2017q4/bin/../lib/gcc/arm-none-eabi/7.2.1/../../../../arm-none-eabi/lib/thumb/v6-m\libc_nano.a(lib_a-nano-mallocr.o)
                0x20000ac0                __malloc_sbrk_start
 .bss.heap_end.4102
                0x20000ac4        0x4 c:/users/andre/appdata/local/arduino15/packages/arduino/tools/arm-none-eabi-gcc/7-2017q4/bin/../lib/gcc/arm-none-eabi/7.2.1/../../../../arm-none-eabi/lib/thumb/v6-m\libnosys.a(sbrk.o)
 *(COMMON)
 COMMON         0x20000ac8        0x4 c:/users/andre/appdata/local/arduino15/packages/arduino/tools/arm-none-eabi-gcc/7-2017q4/bin/../lib/gcc/arm-none-eabi/7.2.1/../../../../arm-none-eabi/lib/thumb/v6-m\libc_nano.a(lib_a-reent.o)
                0x20000ac8                errno
                0x20000acc                . = ALIGN (0x4)
                0x20000acc                __bss_end__ = .

.heap           0x20000acc        0x0
                0x20000acc                __end__ = .
                0x20000acc                PROVIDE (end, .)
 *(.heap*)
                0x20000acc                __HeapLimit = .

.stack_dummy    0x20000acc        0x0
 *(.stack*)
                0x20008000                __StackTop = (ORIGIN (RAM) + LENGTH (RAM))
                0x20008000                __StackLimit = (__StackTop - SIZEOF (.stack_dummy))
                0x20008000                PROVIDE (__stack, __StackTop)
                0x20007fff                __ram_end__ = ((ORIGIN (RAM) + LENGTH (RAM)) - 0x1)
                0x00000001                ASSERT ((__StackLimit >= __HeapLimit), region RAM overflowed with stack)
OUTPUT(C:\Users\andre\AppData\Local\Temp\VMBuilds\Weater-station\nano_33_iot\Debug/Weater-station.ino.elf elf32-littlearm)

.ARM.attributes
                0x00000000       0x28
 .ARM.attributes
                0x00000000       0x1e c:/users/andre/appdata/local/arduino15/packages/arduino/tools/arm-none-eabi-gcc/7-2017q4/bin/../lib/gcc/arm-none-eabi/7.2.1/thumb/v6-m/crti.o
 .ARM.attributes
                0x0000001e       0x2c c:/users/andre/appdata/local/arduino15/packages/arduino/tools/arm-none-eabi-gcc/7-2017q4/bin/../lib/gcc/arm-none-eabi/7.2.1/thumb/v6-m/crtbegin.o
 .ARM.attributes
                0x0000004a       0x32 Weater-station.cpp.o
 .ARM.attributes
                0x0000007c       0x32 ModbusMaster\ModbusMaster.cpp.o
 .ARM.attributes
                0x000000ae       0x32 C:\Users\andre\AppData\Local\Temp\VMBCore\arduino16x\1d093a4fd5180871f6b3e04a4d64df6f\variant\variant.cpp.o
 .ARM.attributes
                0x000000e0       0x32 C:\Users\andre\AppData\Local\Temp\VMBuilds\Weater-station\nano_33_iot\Debug/core.a(cortex_handlers.c.o)
 .ARM.attributes
                0x00000112       0x32 C:\Users\andre\AppData\Local\Temp\VMBuilds\Weater-station\nano_33_iot\Debug/core.a(delay.c.o)
 .ARM.attributes
                0x00000144       0x32 C:\Users\andre\AppData\Local\Temp\VMBuilds\Weater-station\nano_33_iot\Debug/core.a(hooks.c.o)
 .ARM.attributes
                0x00000176       0x32 C:\Users\andre\AppData\Local\Temp\VMBuilds\Weater-station\nano_33_iot\Debug/core.a(startup.c.o)
 .ARM.attributes
                0x000001a8       0x32 C:\Users\andre\AppData\Local\Temp\VMBuilds\Weater-station\nano_33_iot\Debug/core.a(wiring.c.o)
 .ARM.attributes
                0x000001da       0x32 C:\Users\andre\AppData\Local\Temp\VMBuilds\Weater-station\nano_33_iot\Debug/core.a(wiring_analog.c.o)
 .ARM.attributes
                0x0000020c       0x32 C:\Users\andre\AppData\Local\Temp\VMBuilds\Weater-station\nano_33_iot\Debug/core.a(wiring_digital.c.o)
 .ARM.attributes
                0x0000023e       0x32 C:\Users\andre\AppData\Local\Temp\VMBuilds\Weater-station\nano_33_iot\Debug/core.a(wiring_private.c.o)
 .ARM.attributes
                0x00000270       0x32 C:\Users\andre\AppData\Local\Temp\VMBuilds\Weater-station\nano_33_iot\Debug/core.a(main.cpp.o)
 .ARM.attributes
                0x000002a2       0x32 C:\Users\andre\AppData\Local\Temp\VMBuilds\Weater-station\nano_33_iot\Debug/core.a(Reset.cpp.o)
 .ARM.attributes
                0x000002d4       0x32 C:\Users\andre\AppData\Local\Temp\VMBuilds\Weater-station\nano_33_iot\Debug/core.a(SERCOM.cpp.o)
 .ARM.attributes
                0x00000306       0x32 C:\Users\andre\AppData\Local\Temp\VMBuilds\Weater-station\nano_33_iot\Debug/core.a(Uart.cpp.o)
 .ARM.attributes
                0x00000338       0x32 C:\Users\andre\AppData\Local\Temp\VMBuilds\Weater-station\nano_33_iot\Debug/core.a(Common.cpp.o)
 .ARM.attributes
                0x0000036a       0x32 C:\Users\andre\AppData\Local\Temp\VMBuilds\Weater-station\nano_33_iot\Debug/core.a(Print.cpp.o)
 .ARM.attributes
                0x0000039c       0x32 C:\Users\andre\AppData\Local\Temp\VMBuilds\Weater-station\nano_33_iot\Debug/core.a(CDC.cpp.o)
 .ARM.attributes
                0x000003ce       0x32 C:\Users\andre\AppData\Local\Temp\VMBuilds\Weater-station\nano_33_iot\Debug/core.a(USBCore.cpp.o)
 .ARM.attributes
                0x00000400       0x32 C:\Users\andre\AppData\Local\Temp\VMBuilds\Weater-station\nano_33_iot\Debug/core.a(new.cpp.o)
 .ARM.attributes
                0x00000432       0x32 C:\Users\andre\AppData\Local\Temp\VMBuilds\Weater-station\nano_33_iot\Debug/core.a(PluggableUSB.cpp.o)
 .ARM.attributes
                0x00000464       0x1e c:/users/andre/appdata/local/arduino15/packages/arduino/tools/arm-none-eabi-gcc/7-2017q4/bin/../lib/gcc/arm-none-eabi/7.2.1/thumb/v6-m\libgcc.a(_thumb1_case_uqi.o)
 .ARM.attributes
                0x00000482       0x1e c:/users/andre/appdata/local/arduino15/packages/arduino/tools/arm-none-eabi-gcc/7-2017q4/bin/../lib/gcc/arm-none-eabi/7.2.1/thumb/v6-m\libgcc.a(_udivsi3.o)
 .ARM.attributes
                0x000004a0       0x1e c:/users/andre/appdata/local/arduino15/packages/arduino/tools/arm-none-eabi-gcc/7-2017q4/bin/../lib/gcc/arm-none-eabi/7.2.1/thumb/v6-m\libgcc.a(_dvmd_tls.o)
 .ARM.attributes
                0x000004be       0x1e c:/users/andre/appdata/local/arduino15/packages/arduino/tools/arm-none-eabi-gcc/7-2017q4/bin/../lib/gcc/arm-none-eabi/7.2.1/thumb/v6-m\libgcc.a(_arm_cmpdf2.o)
 .ARM.attributes
                0x000004dc       0x2c c:/users/andre/appdata/local/arduino15/packages/arduino/tools/arm-none-eabi-gcc/7-2017q4/bin/../lib/gcc/arm-none-eabi/7.2.1/thumb/v6-m\libgcc.a(_fixunsdfsi.o)
 .ARM.attributes
                0x00000508       0x2c c:/users/andre/appdata/local/arduino15/packages/arduino/tools/arm-none-eabi-gcc/7-2017q4/bin/../lib/gcc/arm-none-eabi/7.2.1/thumb/v6-m\libgcc.a(divsf3.o)
 .ARM.attributes
                0x00000534       0x2c c:/users/andre/appdata/local/arduino15/packages/arduino/tools/arm-none-eabi-gcc/7-2017q4/bin/../lib/gcc/arm-none-eabi/7.2.1/thumb/v6-m\libgcc.a(floatsisf.o)
 .ARM.attributes
                0x00000560       0x2c c:/users/andre/appdata/local/arduino15/packages/arduino/tools/arm-none-eabi-gcc/7-2017q4/bin/../lib/gcc/arm-none-eabi/7.2.1/thumb/v6-m\libgcc.a(floatunsisf.o)
 .ARM.attributes
                0x0000058c       0x2c c:/users/andre/appdata/local/arduino15/packages/arduino/tools/arm-none-eabi-gcc/7-2017q4/bin/../lib/gcc/arm-none-eabi/7.2.1/thumb/v6-m\libgcc.a(adddf3.o)
 .ARM.attributes
                0x000005b8       0x2c c:/users/andre/appdata/local/arduino15/packages/arduino/tools/arm-none-eabi-gcc/7-2017q4/bin/../lib/gcc/arm-none-eabi/7.2.1/thumb/v6-m\libgcc.a(divdf3.o)
 .ARM.attributes
                0x000005e4       0x2c c:/users/andre/appdata/local/arduino15/packages/arduino/tools/arm-none-eabi-gcc/7-2017q4/bin/../lib/gcc/arm-none-eabi/7.2.1/thumb/v6-m\libgcc.a(eqdf2.o)
 .ARM.attributes
                0x00000610       0x2c c:/users/andre/appdata/local/arduino15/packages/arduino/tools/arm-none-eabi-gcc/7-2017q4/bin/../lib/gcc/arm-none-eabi/7.2.1/thumb/v6-m\libgcc.a(gedf2.o)
 .ARM.attributes
                0x0000063c       0x2c c:/users/andre/appdata/local/arduino15/packages/arduino/tools/arm-none-eabi-gcc/7-2017q4/bin/../lib/gcc/arm-none-eabi/7.2.1/thumb/v6-m\libgcc.a(ledf2.o)
 .ARM.attributes
                0x00000668       0x2c c:/users/andre/appdata/local/arduino15/packages/arduino/tools/arm-none-eabi-gcc/7-2017q4/bin/../lib/gcc/arm-none-eabi/7.2.1/thumb/v6-m\libgcc.a(muldf3.o)
 .ARM.attributes
                0x00000694       0x2c c:/users/andre/appdata/local/arduino15/packages/arduino/tools/arm-none-eabi-gcc/7-2017q4/bin/../lib/gcc/arm-none-eabi/7.2.1/thumb/v6-m\libgcc.a(subdf3.o)
 .ARM.attributes
                0x000006c0       0x2c c:/users/andre/appdata/local/arduino15/packages/arduino/tools/arm-none-eabi-gcc/7-2017q4/bin/../lib/gcc/arm-none-eabi/7.2.1/thumb/v6-m\libgcc.a(unorddf2.o)
 .ARM.attributes
                0x000006ec       0x2c c:/users/andre/appdata/local/arduino15/packages/arduino/tools/arm-none-eabi-gcc/7-2017q4/bin/../lib/gcc/arm-none-eabi/7.2.1/thumb/v6-m\libgcc.a(fixdfsi.o)
 .ARM.attributes
                0x00000718       0x2c c:/users/andre/appdata/local/arduino15/packages/arduino/tools/arm-none-eabi-gcc/7-2017q4/bin/../lib/gcc/arm-none-eabi/7.2.1/thumb/v6-m\libgcc.a(floatunsidf.o)
 .ARM.attributes
                0x00000744       0x2c c:/users/andre/appdata/local/arduino15/packages/arduino/tools/arm-none-eabi-gcc/7-2017q4/bin/../lib/gcc/arm-none-eabi/7.2.1/thumb/v6-m\libgcc.a(extendsfdf2.o)
 .ARM.attributes
                0x00000770       0x1e c:/users/andre/appdata/local/arduino15/packages/arduino/tools/arm-none-eabi-gcc/7-2017q4/bin/../lib/gcc/arm-none-eabi/7.2.1/thumb/v6-m\libgcc.a(_clzsi2.o)
 .ARM.attributes
                0x0000078e       0x2c c:/users/andre/appdata/local/arduino15/packages/arduino/tools/arm-none-eabi-gcc/7-2017q4/bin/../lib/gcc/arm-none-eabi/7.2.1/../../../../arm-none-eabi/lib/thumb/v6-m\libc_nano.a(lib_a-impure.o)
 .ARM.attributes
                0x000007ba       0x2c c:/users/andre/appdata/local/arduino15/packages/arduino/tools/arm-none-eabi-gcc/7-2017q4/bin/../lib/gcc/arm-none-eabi/7.2.1/../../../../arm-none-eabi/lib/thumb/v6-m\libc_nano.a(lib_a-init.o)
 .ARM.attributes
                0x000007e6       0x2c c:/users/andre/appdata/local/arduino15/packages/arduino/tools/arm-none-eabi-gcc/7-2017q4/bin/../lib/gcc/arm-none-eabi/7.2.1/../../../../arm-none-eabi/lib/thumb/v6-m\libc_nano.a(lib_a-malloc.o)
 .ARM.attributes
                0x00000812       0x2c c:/users/andre/appdata/local/arduino15/packages/arduino/tools/arm-none-eabi-gcc/7-2017q4/bin/../lib/gcc/arm-none-eabi/7.2.1/../../../../arm-none-eabi/lib/thumb/v6-m\libc_nano.a(lib_a-memcpy-stub.o)
 .ARM.attributes
                0x0000083e       0x2c c:/users/andre/appdata/local/arduino15/packages/arduino/tools/arm-none-eabi-gcc/7-2017q4/bin/../lib/gcc/arm-none-eabi/7.2.1/../../../../arm-none-eabi/lib/thumb/v6-m\libc_nano.a(lib_a-memset.o)
 .ARM.attributes
                0x0000086a       0x2c c:/users/andre/appdata/local/arduino15/packages/arduino/tools/arm-none-eabi-gcc/7-2017q4/bin/../lib/gcc/arm-none-eabi/7.2.1/../../../../arm-none-eabi/lib/thumb/v6-m\libc_nano.a(lib_a-nano-freer.o)
 .ARM.attributes
                0x00000896       0x2c c:/users/andre/appdata/local/arduino15/packages/arduino/tools/arm-none-eabi-gcc/7-2017q4/bin/../lib/gcc/arm-none-eabi/7.2.1/../../../../arm-none-eabi/lib/thumb/v6-m\libc_nano.a(lib_a-nano-mallocr.o)
 .ARM.attributes
                0x000008c2       0x2c c:/users/andre/appdata/local/arduino15/packages/arduino/tools/arm-none-eabi-gcc/7-2017q4/bin/../lib/gcc/arm-none-eabi/7.2.1/../../../../arm-none-eabi/lib/thumb/v6-m\libc_nano.a(lib_a-sbrkr.o)
 .ARM.attributes
                0x000008ee       0x1c c:/users/andre/appdata/local/arduino15/packages/arduino/tools/arm-none-eabi-gcc/7-2017q4/bin/../lib/gcc/arm-none-eabi/7.2.1/../../../../arm-none-eabi/lib/thumb/v6-m\libc_nano.a(lib_a-strlen.o)
 .ARM.attributes
                0x0000090a       0x2c c:/users/andre/appdata/local/arduino15/packages/arduino/tools/arm-none-eabi-gcc/7-2017q4/bin/../lib/gcc/arm-none-eabi/7.2.1/../../../../arm-none-eabi/lib/thumb/v6-m\libc_nano.a(lib_a-mlock.o)
 .ARM.attributes
                0x00000936       0x2c c:/users/andre/appdata/local/arduino15/packages/arduino/tools/arm-none-eabi-gcc/7-2017q4/bin/../lib/gcc/arm-none-eabi/7.2.1/../../../../arm-none-eabi/lib/thumb/v6-m\libc_nano.a(lib_a-reent.o)
 .ARM.attributes
                0x00000962       0x2c c:/users/andre/appdata/local/arduino15/packages/arduino/tools/arm-none-eabi-gcc/7-2017q4/bin/../lib/gcc/arm-none-eabi/7.2.1/../../../../arm-none-eabi/lib/thumb/v6-m\libnosys.a(sbrk.o)
 .ARM.attributes
                0x0000098e       0x2c c:/users/andre/appdata/local/arduino15/packages/arduino/tools/arm-none-eabi-gcc/7-2017q4/bin/../lib/gcc/arm-none-eabi/7.2.1/thumb/v6-m/crtend.o
 .ARM.attributes
                0x000009ba       0x1e c:/users/andre/appdata/local/arduino15/packages/arduino/tools/arm-none-eabi-gcc/7-2017q4/bin/../lib/gcc/arm-none-eabi/7.2.1/thumb/v6-m/crtn.o

.comment        0x00000000       0x7e
 .comment       0x00000000       0x7e Weater-station.cpp.o
                                 0x7f (size before relaxing)
 .comment       0x0000007e       0x7f ModbusMaster\ModbusMaster.cpp.o
 .comment       0x0000007e       0x7f C:\Users\andre\AppData\Local\Temp\VMBCore\arduino16x\1d093a4fd5180871f6b3e04a4d64df6f\variant\variant.cpp.o
 .comment       0x0000007e       0x7f C:\Users\andre\AppData\Local\Temp\VMBuilds\Weater-station\nano_33_iot\Debug/core.a(cortex_handlers.c.o)
 .comment       0x0000007e       0x7f C:\Users\andre\AppData\Local\Temp\VMBuilds\Weater-station\nano_33_iot\Debug/core.a(delay.c.o)
 .comment       0x0000007e       0x7f C:\Users\andre\AppData\Local\Temp\VMBuilds\Weater-station\nano_33_iot\Debug/core.a(hooks.c.o)
 .comment       0x0000007e       0x7f C:\Users\andre\AppData\Local\Temp\VMBuilds\Weater-station\nano_33_iot\Debug/core.a(startup.c.o)
 .comment       0x0000007e       0x7f C:\Users\andre\AppData\Local\Temp\VMBuilds\Weater-station\nano_33_iot\Debug/core.a(wiring.c.o)
 .comment       0x0000007e       0x7f C:\Users\andre\AppData\Local\Temp\VMBuilds\Weater-station\nano_33_iot\Debug/core.a(wiring_analog.c.o)
 .comment       0x0000007e       0x7f C:\Users\andre\AppData\Local\Temp\VMBuilds\Weater-station\nano_33_iot\Debug/core.a(wiring_digital.c.o)
 .comment       0x0000007e       0x7f C:\Users\andre\AppData\Local\Temp\VMBuilds\Weater-station\nano_33_iot\Debug/core.a(wiring_private.c.o)
 .comment       0x0000007e       0x7f C:\Users\andre\AppData\Local\Temp\VMBuilds\Weater-station\nano_33_iot\Debug/core.a(main.cpp.o)
 .comment       0x0000007e       0x7f C:\Users\andre\AppData\Local\Temp\VMBuilds\Weater-station\nano_33_iot\Debug/core.a(Reset.cpp.o)
 .comment       0x0000007e       0x7f C:\Users\andre\AppData\Local\Temp\VMBuilds\Weater-station\nano_33_iot\Debug/core.a(SERCOM.cpp.o)
 .comment       0x0000007e       0x7f C:\Users\andre\AppData\Local\Temp\VMBuilds\Weater-station\nano_33_iot\Debug/core.a(Uart.cpp.o)
 .comment       0x0000007e       0x7f C:\Users\andre\AppData\Local\Temp\VMBuilds\Weater-station\nano_33_iot\Debug/core.a(Common.cpp.o)
 .comment       0x0000007e       0x7f C:\Users\andre\AppData\Local\Temp\VMBuilds\Weater-station\nano_33_iot\Debug/core.a(Print.cpp.o)
 .comment       0x0000007e       0x7f C:\Users\andre\AppData\Local\Temp\VMBuilds\Weater-station\nano_33_iot\Debug/core.a(CDC.cpp.o)
 .comment       0x0000007e       0x7f C:\Users\andre\AppData\Local\Temp\VMBuilds\Weater-station\nano_33_iot\Debug/core.a(USBCore.cpp.o)
 .comment       0x0000007e       0x7f C:\Users\andre\AppData\Local\Temp\VMBuilds\Weater-station\nano_33_iot\Debug/core.a(new.cpp.o)
 .comment       0x0000007e       0x7f C:\Users\andre\AppData\Local\Temp\VMBuilds\Weater-station\nano_33_iot\Debug/core.a(PluggableUSB.cpp.o)

.debug_info     0x00000000    0x58efe
 .debug_info    0x00000000     0x72c1 Weater-station.cpp.o
 .debug_info    0x000072c1     0x6eb7 ModbusMaster\ModbusMaster.cpp.o
 .debug_info    0x0000e178     0x75f9 C:\Users\andre\AppData\Local\Temp\VMBCore\arduino16x\1d093a4fd5180871f6b3e04a4d64df6f\variant\variant.cpp.o
 .debug_info    0x00015771     0x110c C:\Users\andre\AppData\Local\Temp\VMBuilds\Weater-station\nano_33_iot\Debug/core.a(cortex_handlers.c.o)
 .debug_info    0x0001687d     0x13d2 C:\Users\andre\AppData\Local\Temp\VMBuilds\Weater-station\nano_33_iot\Debug/core.a(delay.c.o)
 .debug_info    0x00017c4f       0x64 C:\Users\andre\AppData\Local\Temp\VMBuilds\Weater-station\nano_33_iot\Debug/core.a(hooks.c.o)
 .debug_info    0x00017cb3     0x34f9 C:\Users\andre\AppData\Local\Temp\VMBuilds\Weater-station\nano_33_iot\Debug/core.a(startup.c.o)
 .debug_info    0x0001b1ac     0x2d9a C:\Users\andre\AppData\Local\Temp\VMBuilds\Weater-station\nano_33_iot\Debug/core.a(wiring.c.o)
 .debug_info    0x0001df46     0x4f63 C:\Users\andre\AppData\Local\Temp\VMBuilds\Weater-station\nano_33_iot\Debug/core.a(wiring_analog.c.o)
 .debug_info    0x00022ea9     0x186d C:\Users\andre\AppData\Local\Temp\VMBuilds\Weater-station\nano_33_iot\Debug/core.a(wiring_digital.c.o)
 .debug_info    0x00024716     0x17f7 C:\Users\andre\AppData\Local\Temp\VMBuilds\Weater-station\nano_33_iot\Debug/core.a(wiring_private.c.o)
 .debug_info    0x00025f0d     0x4a7a C:\Users\andre\AppData\Local\Temp\VMBuilds\Weater-station\nano_33_iot\Debug/core.a(main.cpp.o)
 .debug_info    0x0002a987     0x503c C:\Users\andre\AppData\Local\Temp\VMBuilds\Weater-station\nano_33_iot\Debug/core.a(Reset.cpp.o)
 .debug_info    0x0002f9c3     0x5f40 C:\Users\andre\AppData\Local\Temp\VMBuilds\Weater-station\nano_33_iot\Debug/core.a(SERCOM.cpp.o)
 .debug_info    0x00035903     0x7f0f C:\Users\andre\AppData\Local\Temp\VMBuilds\Weater-station\nano_33_iot\Debug/core.a(Uart.cpp.o)
 .debug_info    0x0003d812      0x160 C:\Users\andre\AppData\Local\Temp\VMBuilds\Weater-station\nano_33_iot\Debug/core.a(Common.cpp.o)
 .debug_info    0x0003d972     0x414b C:\Users\andre\AppData\Local\Temp\VMBuilds\Weater-station\nano_33_iot\Debug/core.a(Print.cpp.o)
 .debug_info    0x00041abd     0x97c3 C:\Users\andre\AppData\Local\Temp\VMBuilds\Weater-station\nano_33_iot\Debug/core.a(CDC.cpp.o)
 .debug_info    0x0004b280     0xc6bd C:\Users\andre\AppData\Local\Temp\VMBuilds\Weater-station\nano_33_iot\Debug/core.a(USBCore.cpp.o)
 .debug_info    0x0005793d      0xf3b C:\Users\andre\AppData\Local\Temp\VMBuilds\Weater-station\nano_33_iot\Debug/core.a(new.cpp.o)
 .debug_info    0x00058878      0x686 C:\Users\andre\AppData\Local\Temp\VMBuilds\Weater-station\nano_33_iot\Debug/core.a(PluggableUSB.cpp.o)

.debug_abbrev   0x00000000     0x6b17
 .debug_abbrev  0x00000000      0x767 Weater-station.cpp.o
 .debug_abbrev  0x00000767      0x7bc ModbusMaster\ModbusMaster.cpp.o
 .debug_abbrev  0x00000f23      0x5df C:\Users\andre\AppData\Local\Temp\VMBCore\arduino16x\1d093a4fd5180871f6b3e04a4d64df6f\variant\variant.cpp.o
 .debug_abbrev  0x00001502      0x29a C:\Users\andre\AppData\Local\Temp\VMBuilds\Weater-station\nano_33_iot\Debug/core.a(cortex_handlers.c.o)
 .debug_abbrev  0x0000179c      0x33c C:\Users\andre\AppData\Local\Temp\VMBuilds\Weater-station\nano_33_iot\Debug/core.a(delay.c.o)
 .debug_abbrev  0x00001ad8       0x49 C:\Users\andre\AppData\Local\Temp\VMBuilds\Weater-station\nano_33_iot\Debug/core.a(hooks.c.o)
 .debug_abbrev  0x00001b21      0x2ca C:\Users\andre\AppData\Local\Temp\VMBuilds\Weater-station\nano_33_iot\Debug/core.a(startup.c.o)
 .debug_abbrev  0x00001deb      0x3a1 C:\Users\andre\AppData\Local\Temp\VMBuilds\Weater-station\nano_33_iot\Debug/core.a(wiring.c.o)
 .debug_abbrev  0x0000218c      0x487 C:\Users\andre\AppData\Local\Temp\VMBuilds\Weater-station\nano_33_iot\Debug/core.a(wiring_analog.c.o)
 .debug_abbrev  0x00002613      0x339 C:\Users\andre\AppData\Local\Temp\VMBuilds\Weater-station\nano_33_iot\Debug/core.a(wiring_digital.c.o)
 .debug_abbrev  0x0000294c      0x303 C:\Users\andre\AppData\Local\Temp\VMBuilds\Weater-station\nano_33_iot\Debug/core.a(wiring_private.c.o)
 .debug_abbrev  0x00002c4f      0x508 C:\Users\andre\AppData\Local\Temp\VMBuilds\Weater-station\nano_33_iot\Debug/core.a(main.cpp.o)
 .debug_abbrev  0x00003157      0x5a5 C:\Users\andre\AppData\Local\Temp\VMBuilds\Weater-station\nano_33_iot\Debug/core.a(Reset.cpp.o)
 .debug_abbrev  0x000036fc      0x777 C:\Users\andre\AppData\Local\Temp\VMBuilds\Weater-station\nano_33_iot\Debug/core.a(SERCOM.cpp.o)
 .debug_abbrev  0x00003e73      0x8bd C:\Users\andre\AppData\Local\Temp\VMBuilds\Weater-station\nano_33_iot\Debug/core.a(Uart.cpp.o)
 .debug_abbrev  0x00004730       0xa9 C:\Users\andre\AppData\Local\Temp\VMBuilds\Weater-station\nano_33_iot\Debug/core.a(Common.cpp.o)